JVM Args:          
Run Args:          "--task", "MERGE_MAPPING", "--left", "D:\Programmazione\Mod\Reinforced Obsidian\NEOFORGE\1.20.5\build\neoForm\neoFormJoined1.20.5-20240423.152201\unpacked\config\joined.tsrg", "--right", "D:\Programmazione\Mod\Reinforced Obsidian\NEOFORGE\1.20.5\.gradle\caches\minecraft\versions\1.20.5\client.txt", "--right-names", "right,left", "--classes", "--fields", "--methods", "--output", "D:\Programmazione\Mod\Reinforced Obsidian\NEOFORGE\1.20.5\build\neoForm\neoFormJoined1.20.5-20240423.152201\steps\mergeMappings\output.jar"
JVM:               C:\Users\rosar\.jdks\corretto-21.0.3\bin\java.exe
Classpath:         C:\Users\rosar\.gradle\caches\modules-2\files-2.1\net.neoforged.installertools\installertools\2.1.2\62740d5aa8f75f4a4d542d363bdda5b64a198f7a\installertools-2.1.2-fatjar.jar
Working Dir:       D:\Programmazione\Mod\Reinforced Obsidian\NEOFORGE\1.20.5\build\neoForm\neoFormJoined1.20.5-20240423.152201\steps\mergeMappings
Main Class:        net.neoforged.installertools.ConsoleTool
Program log file:  D:\Programmazione\Mod\Reinforced Obsidian\NEOFORGE\1.20.5\build\neoForm\neoFormJoined1.20.5-20240423.152201\steps\mergeMappings\log.log
Output file:       D:\Programmazione\Mod\Reinforced Obsidian\NEOFORGE\1.20.5\build\neoForm\neoFormJoined1.20.5-20240423.152201\steps\mergeMappings\output.jar
Task: MERGE_MAPPING
Left:    D:\Programmazione\Mod\Reinforced Obsidian\NEOFORGE\1.20.5\build\neoForm\neoFormJoined1.20.5-20240423.152201\unpacked\config\joined.tsrg
         Reversed=false
         null
Right:   D:\Programmazione\Mod\Reinforced Obsidian\NEOFORGE\1.20.5\.gradle\caches\minecraft\versions\1.20.5\client.txt
         Reversed=false
         right,left
Classes: true
Fields:  true
Methods: true
Params:  false
Output:  D:\Programmazione\Mod\Reinforced Obsidian\NEOFORGE\1.20.5\build\neoForm\neoFormJoined1.20.5-20240423.152201\steps\mergeMappings\output.jar
