JVM Args:          
Run Args:          "--task", "MERGE_MAPPING", "--left", "D:\Programmazione\Mod\Reinforced Obsidian\NEOFORGE\1.20.3\build\neoForm\neoFormJoined1.20.3-20231205.165107\unpacked\config\joined.tsrg", "--right", "D:\Programmazione\Mod\Reinforced Obsidian\NEOFORGE\1.20.3\.gradle\caches\minecraft\versions\1.20.3\client.txt", "--right-names", "right,left", "--classes", "--fields", "--methods", "--output", "D:\Programmazione\Mod\Reinforced Obsidian\NEOFORGE\1.20.3\build\neoForm\neoFormJoined1.20.3-20231205.165107\steps\mergeMappings\output.jar"
JVM:               C:\Users\rosar\.jdks\corretto-17.0.10\bin\java.exe
Classpath:         C:\Users\rosar\.gradle\caches\modules-2\files-2.1\net.minecraftforge\installertools\1.3.2\216361298c683887c4cf0cc62988b5c3fba713fb\installertools-1.3.2-fatjar.jar
Working Dir:       D:\Programmazione\Mod\Reinforced Obsidian\NEOFORGE\1.20.3\build\neoForm\neoFormJoined1.20.3-20231205.165107\steps\mergeMappings
Main Class:        net.minecraftforge.installertools.ConsoleTool
Program log file:  D:\Programmazione\Mod\Reinforced Obsidian\NEOFORGE\1.20.3\build\neoForm\neoFormJoined1.20.3-20231205.165107\steps\mergeMappings\log.log
Output file:       D:\Programmazione\Mod\Reinforced Obsidian\NEOFORGE\1.20.3\build\neoForm\neoFormJoined1.20.3-20231205.165107\steps\mergeMappings\output.jar
Task: MERGE_MAPPING
Left:    D:\Programmazione\Mod\Reinforced Obsidian\NEOFORGE\1.20.3\build\neoForm\neoFormJoined1.20.3-20231205.165107\unpacked\config\joined.tsrg
         Reversed=false
         null
Right:   D:\Programmazione\Mod\Reinforced Obsidian\NEOFORGE\1.20.3\.gradle\caches\minecraft\versions\1.20.3\client.txt
         Reversed=false
         right,left
Classes: true
Fields:  true
Methods: true
Params:  false
Output:  D:\Programmazione\Mod\Reinforced Obsidian\NEOFORGE\1.20.3\build\neoForm\neoFormJoined1.20.3-20231205.165107\steps\mergeMappings\output.jar
