[16ott2025 15:50:32.776] [main/INFO] [net.neoforged.fml.startup.Entrypoint/]: JVM Uptime at startup: 105ms
[16ott2025 15:50:32.786] [main/INFO] [net.neoforged.fml.loading.FMLLoader/]: Starting FancyModLoader version 10.0.21 (CLIENT in DEV)
[16ott2025 15:50:32.787] [main/INFO] [net.neoforged.fml.loading.FMLLoader/]: Game directory: D:\Programmazione\Mod\Reinforced Obsidian\NEOFORGE\1.21.10\runs\clientData
[16ott2025 15:50:32.823] [main/INFO] [net.neoforged.fml.loading.EarlyServiceDiscovery/]: Found 0 early service jars (out of 0) in 5ms
[16ott2025 15:50:32.825] [main/INFO] [net.neoforged.fml.loading.ImmediateWindowHandler/]: Not loading early display in headless mode.
[16ott2025 15:50:32.870] [main/INFO] [net.neoforged.fml.loading.moddiscovery.locators.GameLocator/]: Detected a joined NeoForge and Minecraft configuration. Applying filtering...
[16ott2025 15:50:32.953] [main/INFO] [net.neoforged.fml.loading.moddiscovery.locators.InDevFolderLocator/CORE]: Got mod coordinates 1.21.10%%D:\Programmazione\Mod\Reinforced Obsidian\NEOFORGE\1.21.10\build\resources\main;1.21.10%%D:\Programmazione\Mod\Reinforced Obsidian\NEOFORGE\1.21.10\build\classes\java\main from env
[16ott2025 15:50:32.968] [main/ERROR] [net.neoforged.fml.loading.moddiscovery.ModFile/LOADING]: Access transformer file META-INF/accesstransformer.cfg provided by mod reinforcedobsidian does not exist!
[16ott2025 15:50:33.115] [main/WARN] [net.neoforged.jarjar.selection.JarSelector/]: Attempted to select a dependency jar for JarJar which was passed in as source: library:mixinextras.neoforge. Using jar(C:\Users\rosar\.gradle\caches\modules-2\files-2.1\io.github.llamalad7\mixinextras-neoforge\0.5.0\d734b83ce6542bb70ea31755c1595b88992dbe65\mixinextras-neoforge-0.5.0.jar)
[16ott2025 15:50:33.115] [main/INFO] [net.neoforged.fml.loading.moddiscovery.locators.JarInJarDependencyLocator/]: Found 1 dependencies adding them to mods collection
[16ott2025 15:50:33.117] [main/INFO] [net.neoforged.fml.loading.moddiscovery.ModDiscoverer/]: 
     Mod List:
		Name Version (Mod Id)

		Minecraft 1.21.10 (minecraft)
		NeoForge 21.10.17-beta (neoforge)
		ReinforcedObsidian 1.21.10-0.1 (reinforcedobsidian)
[16ott2025 15:50:33.342] [main/INFO] [mixin/]: SpongePowered MIXIN Subsystem Version=0.8.7 Source=file:/C:/Users/rosar/.gradle/caches/modules-2/files-2.1/net.fabricmc/sponge-mixin/0.16.5+mixin.0.8.7/80fc3a9f592673cea87f4cd702f87991c6c9fe4d/sponge-mixin-0.16.5+mixin.0.8.7.jar Service=FML Env=CLIENT
[16ott2025 15:50:33.397] [main/INFO] [net.neoforged.fml.loading.FMLLoader/]: Loading FML Plugins:
[16ott2025 15:50:33.398] [main/INFO] [net.neoforged.fml.loading.FMLLoader/]:  - D:/Programmazione/Mod/Reinforced Obsidian/NEOFORGE/1.21.10/.gradle/repositories/ng_dummy_ng/net/neoforged/neoforge/21.10.17-beta/neoforge-21.10.17-beta.jar > net.neoforged.neoforge-coremods-21.10.17-beta.jar
[16ott2025 15:50:33.559] [main/INFO] [net.neoforged.fml.loading.FMLLoader/]: Building game content classloader:
 - minecraft (composite(jar(D:\Programmazione\Mod\Reinforced Obsidian\NEOFORGE\1.21.10\.gradle\repositories\ng_dummy_ng\net\minecraft\client\1.21.10\client-1.21.10-client-extra.jar), filtered(jar(D:\Programmazione\Mod\Reinforced Obsidian\NEOFORGE\1.21.10\.gradle\repositories\ng_dummy_ng\net\neoforged\neoforge\21.10.17-beta\neoforge-21.10.17-beta.jar))))
 - mixinextras.neoforge (jar(C:\Users\rosar\.gradle\caches\modules-2\files-2.1\io.github.llamalad7\mixinextras-neoforge\0.5.0\d734b83ce6542bb70ea31755c1595b88992dbe65\mixinextras-neoforge-0.5.0.jar))
 - neoforge (composite(filtered(jar(D:\Programmazione\Mod\Reinforced Obsidian\NEOFORGE\1.21.10\.gradle\repositories\ng_dummy_ng\net\neoforged\neoforge\21.10.17-beta\neoforge-21.10.17-beta.jar))))
 - net.neoforged.fml.generated (empty(VirtualJar\net.neoforged.fml.generated))
 - reinforcedobsidian (composite(folder(D:\Programmazione\Mod\Reinforced Obsidian\NEOFORGE\1.21.10\build\resources\main), folder(D:\Programmazione\Mod\Reinforced Obsidian\NEOFORGE\1.21.10\build\classes\java\main)))
[16ott2025 15:50:33.577] [main/INFO] [net.neoforged.fml.loading.FMLLoader/]: Built game content classloader in 30ms
[16ott2025 15:50:33.979] [main/INFO] [MixinExtras|Service/]: Initializing MixinExtras via com.llamalad7.mixinextras.service.MixinExtrasServiceImpl(version=0.5.0).
[16ott2025 15:50:38.047] [main/INFO] [net.neoforged.neoforge.data.loading.DatagenModLoader/]: Initializing Data Gatherer for mods [reinforcedobsidian]
[16ott2025 15:50:38.082] [modloading-worker-0/INFO] [net.neoforged.neoforge.common.NeoForgeMod/NEOFORGE-MOD]: NeoForge mod loading, version 21.10.17-beta, for MC 1.21.10
[16ott2025 15:50:38.760] [main/INFO] [net.minecraft.data.DataGenerator/]: Starting provider: Recipes
[16ott2025 15:50:38.786] [main/INFO] [net.minecraft.data.DataGenerator/]: Recipes finished after 26 ms
[16ott2025 15:50:38.787] [main/INFO] [net.minecraft.data.DataGenerator/]: Starting provider: Loot Tables
[16ott2025 15:50:38.797] [main/INFO] [net.minecraft.data.DataGenerator/]: Loot Tables finished after 9 ms
[16ott2025 15:50:38.797] [main/INFO] [net.minecraft.data.DataGenerator/]: Starting provider: Tags for minecraft:block mod id reinforcedobsidian
[16ott2025 15:50:38.802] [main/INFO] [net.minecraft.data.DataGenerator/]: Tags for minecraft:block mod id reinforcedobsidian finished after 4 ms
[16ott2025 15:50:38.802] [main/INFO] [net.minecraft.data.DataGenerator/]: Starting provider: Model Definitions - reinforcedobsidian
[16ott2025 15:50:38.845] [main/INFO] [net.minecraft.data.DataGenerator/]: Model Definitions - reinforcedobsidian finished after 43 ms
[16ott2025 15:50:38.845] [main/INFO] [net.minecraft.data.DataGenerator/]: All providers took: 85 ms
[16ott2025 15:50:38.853] [main/INFO] [net.minecraft.data.HashCache/]: Caching: total files: 9, old count: 9, new count: 10, removed stale: 0, written: 0
[16ott2025 15:50:38.853] [main/INFO] [net.neoforged.fml.loading.FMLLoader/]: Closing FML Loader 57c43fdf
[16ott2025 15:50:38.853] [main/INFO] [net.neoforged.fml.ModLoader/]: Clearing ModLoader
