[17:55:49] [main/INFO]: ModLauncher running: args [--mod, reinforcedobsidian, --all, --output, D:\Programmazione\Mod\Reinforced Obsidian\NEOFORGE\1.21.3\src\generated\resources, --existing, D:\Programmazione\Mod\Reinforced Obsidian\NEOFORGE\1.21.3\src\main\resources, --launchTarget, forgedatadev, --assetIndex, asset-index, --assetsDir, C:\Users\rosar\.gradle\caches\minecraft\assets, --gameDir, ., --fml.fmlVersion, 5.0.6, --fml.mcVersion, 1.21.3, --fml.neoForgeVersion, 21.3.56, --fml.neoFormVersion, 20241023.131943]
[17:55:49] [main/INFO]: JVM identified as Amazon.com Inc. OpenJDK 64-Bit Server VM 21.0.5+11-LTS
[17:55:49] [main/INFO]: ModLauncher 11.0.4+main.d2e20e43 starting: java version 21.0.5 by Amazon.com Inc.; OS Windows 11 arch amd64 version 10.0
[17:55:49] [main/INFO]: ImmediateWindowProvider not loading because launch target is forgedatadev
[17:55:49] [main/INFO]: SpongePowered MIXIN Subsystem Version=0.8.7 Source=union:/C:/Users/rosar/.gradle/caches/modules-2/files-2.1/net.fabricmc/sponge-mixin/0.15.2+mixin.0.8.7/2af2f021d8e02a0220dc27a7a72b4666d66d44ca/sponge-mixin-0.15.2+mixin.0.8.7.jar%23166!/ Service=ModLauncher Env=CLIENT
[17:55:50] [main/INFO]: Found mod file "neoforge-21.3.56.jar" [locator: neoforge devenv provider ([D:\Programmazione\Mod\Reinforced Obsidian\NEOFORGE\1.21.3\.gradle\repositories\ng_dummy_ng\net\neoforged\neoforge\21.3.56\neoforge-21.3.56.jar])]
[17:55:50] [main/INFO]: Found mod file "neoforge-21.3.56.jar" [locator: neoforge devenv provider ([D:\Programmazione\Mod\Reinforced Obsidian\NEOFORGE\1.21.3\.gradle\repositories\ng_dummy_ng\net\neoforged\neoforge\21.3.56\neoforge-21.3.56.jar])]
[17:55:50] [main/INFO]: Found mod file "main" [locator: userdev mods and services, reader: mod manifest]
[17:55:50] [main/INFO]: Found mod file "neoforge-21.3.56.jar" [locator: userdev mods and services, reader: mod manifest]
[17:55:50] [main/INFO]: Found mod file "RoughlyEnoughItems-neoforge-17.0.790.jar" [locator: userdev mods and services, reader: mod manifest]
[17:55:50] [main/INFO]: Found mod file "cloth-config-neoforge-16.0.141-neoforge.jar" [locator: userdev mods and services, reader: mod manifest]
[17:55:50] [main/INFO]: Found mod file "architectury-neoforge-14.0.3.jar" [locator: userdev mods and services, reader: mod manifest]
[17:55:50] [main/INFO]: Found gamelibrary file "mixinextras-neoforge-0.4.1.jar" [locator: userdev mods and services, reader: mod manifest]
[17:55:50] [main/WARN]: Attempted to select a dependency jar for JarJar which was passed in as source: library:mixinextras.neoforge. Using Mod File: C:\Users\rosar\.gradle\caches\modules-2\files-2.1\io.github.llamalad7\mixinextras-neoforge\0.4.1\eff97772ecd0dcf8e52cdbafd3b3ccec425f8314\mixinextras-neoforge-0.4.1.jar
[17:55:50] [main/INFO]: Found 1 dependencies adding them to mods collection
[17:55:50] [main/INFO]: Found library file "net.neoforged.neoforge-coremods-21.3.56.jar" [parent: neoforge-21.3.56.jar, locator: jarinjar, reader: mod manifest]
[17:55:50] [main/INFO]: 
     Mod List:
		Name Version (Mod Id)

		Architectury 14.0.3 (architectury)
		Cloth Config v16 API 16.0.141 (cloth_config)
		Minecraft 1.21.3 (minecraft)
		NeoForge 21.3.56 (neoforge)
		ReinforcedObsidian 1.21.3-0.1 (reinforcedobsidian)
		Roughly Enough Items (REI) 17.0.790 (roughlyenoughitems)
[17:55:51] [main/INFO]: Launching target 'forgedatadev' with arguments [--gameDir, ., --assetsDir, C:\Users\rosar\.gradle\caches\minecraft\assets, --mod, reinforcedobsidian, --all, --output, D:\Programmazione\Mod\Reinforced Obsidian\NEOFORGE\1.21.3\src\generated\resources, --existing, D:\Programmazione\Mod\Reinforced Obsidian\NEOFORGE\1.21.3\src\main\resources, --assetIndex, asset-index]
[03dic2024 17:55:52.051] [main/INFO] [net.neoforged.neoforge.data.loading.DatagenModLoader/]: Initializing Data Gatherer for mods [reinforcedobsidian]
[03dic2024 17:55:52.063] [main/INFO] [MixinExtras|Service/]: Initializing MixinExtras via com.llamalad7.mixinextras.service.MixinExtrasServiceImpl(version=0.4.1).
[03dic2024 17:55:58.148] [modloading-worker-0/INFO] [net.neoforged.neoforge.common.NeoForgeMod/NEOFORGE-MOD]: NeoForge mod loading, version 21.3.56, for MC 1.21.3
[03dic2024 17:55:58.652] [main/WARN] [net.minecraft.server.packs.VanillaPackResourcesBuilder/]: Assets URL 'union:/D:/Programmazione/Mod/Reinforced%20Obsidian/NEOFORGE/1.21.3/.gradle/repositories/ng_dummy_ng/net/neoforged/neoforge/21.3.56/neoforge-21.3.56.jar%23221!/assets/.mcassetsroot' uses unexpected schema
[03dic2024 17:55:58.654] [main/WARN] [net.minecraft.server.packs.VanillaPackResourcesBuilder/]: Assets URL 'union:/D:/Programmazione/Mod/Reinforced%20Obsidian/NEOFORGE/1.21.3/.gradle/repositories/ng_dummy_ng/net/neoforged/neoforge/21.3.56/neoforge-21.3.56.jar%23221!/data/.mcassetsroot' uses unexpected schema
[03dic2024 17:55:58.830] [main/INFO] [net.minecraft.data.DataGenerator/]: Starting provider: Recipes
[03dic2024 17:55:59.010] [main/INFO] [net.minecraft.data.DataGenerator/]: Recipes finished after 179 ms
[03dic2024 17:55:59.011] [main/INFO] [net.minecraft.data.DataGenerator/]: Starting provider: Loot Tables
[03dic2024 17:55:59.023] [main/INFO] [net.minecraft.data.DataGenerator/]: Loot Tables finished after 12 ms
[03dic2024 17:55:59.023] [main/INFO] [net.minecraft.data.DataGenerator/]: Starting provider: Tags for minecraft:block mod id reinforcedobsidian
[03dic2024 17:55:59.030] [main/INFO] [net.minecraft.data.DataGenerator/]: Tags for minecraft:block mod id reinforcedobsidian finished after 6 ms
[03dic2024 17:55:59.030] [main/INFO] [net.minecraft.data.DataGenerator/]: All providers took: 200 ms
[03dic2024 17:55:59.038] [main/INFO] [net.minecraft.data.HashCache/]: Caching: total files: 6, old count: 6, new count: 7, removed stale: 0, written: 1
