[25dic2025 22:38:26.274] [main/INFO] [net.neoforged.fml.startup.Entrypoint/]: JVM Uptime at startup: 5423ms
[25dic2025 22:38:26.289] [main/INFO] [net.neoforged.fml.loading.FMLLoader/]: Starting FancyModLoader version 10.0.36 (CLIENT in DEV)
[25dic2025 22:38:26.289] [main/INFO] [net.neoforged.fml.loading.FMLLoader/]: Game directory: D:\Programmazione\Mod\Reinforced Obsidian\NEOFORGE\1.21.11\runs\client
[25dic2025 22:38:26.292] [main/DEBUG] [net.neoforged.fml.loading.FMLPaths/CORE]: Path GAMEDIR is D:\Programmazione\Mod\Reinforced Obsidian\NEOFORGE\1.21.11\runs\client
[25dic2025 22:38:26.293] [main/DEBUG] [net.neoforged.fml.loading.FMLPaths/CORE]: Path JIJ_CACHEDIR is D:\Programmazione\Mod\Reinforced Obsidian\NEOFORGE\1.21.11\runs\client\.cache\jij
[25dic2025 22:38:26.293] [main/DEBUG] [net.neoforged.fml.loading.FMLPaths/CORE]: Path MODSDIR is D:\Programmazione\Mod\Reinforced Obsidian\NEOFORGE\1.21.11\runs\client\mods
[25dic2025 22:38:26.293] [main/DEBUG] [net.neoforged.fml.loading.FMLPaths/CORE]: Path CONFIGDIR is D:\Programmazione\Mod\Reinforced Obsidian\NEOFORGE\1.21.11\runs\client\config
[25dic2025 22:38:26.294] [main/DEBUG] [net.neoforged.fml.loading.FMLPaths/CORE]: Path FMLCONFIG is D:\Programmazione\Mod\Reinforced Obsidian\NEOFORGE\1.21.11\runs\client\config\fml.toml
[25dic2025 22:38:26.353] [ForkJoinPool.commonPool-worker-3/DEBUG] [net.neoforged.fml.loading.EarlyServiceDiscovery/]: C:\Users\rosar\.gradle\caches\modules-2\files-2.1\net.neoforged.fancymodloader\loader\10.0.36\f72ab4d3e755fe736829883d90430a281527aca\loader-10.0.36.jar contains early service net.neoforged.neoforgespi.locating.IModFileReader
[25dic2025 22:38:26.354] [ForkJoinPool.commonPool-worker-8/DEBUG] [net.neoforged.fml.loading.EarlyServiceDiscovery/]: C:\Users\rosar\.gradle\caches\modules-2\files-2.1\net.neoforged.fancymodloader\earlydisplay\10.0.36\dbd0e11d545443f602addede111c39d9639708f9\earlydisplay-10.0.36.jar contains early service net.neoforged.neoforgespi.earlywindow.ImmediateWindowProvider
[25dic2025 22:38:26.367] [ForkJoinPool.commonPool-worker-3/DEBUG] [net.neoforged.fml.loading.moddiscovery.ModFile/LOADING]: Loading mod file C:\Users\rosar\.gradle\caches\modules-2\files-2.1\net.neoforged.fancymodloader\loader\10.0.36\f72ab4d3e755fe736829883d90430a281527aca\loader-10.0.36.jar with languages []
[25dic2025 22:38:26.367] [ForkJoinPool.commonPool-worker-8/DEBUG] [net.neoforged.fml.loading.moddiscovery.ModFile/LOADING]: Loading mod file C:\Users\rosar\.gradle\caches\modules-2\files-2.1\net.neoforged.fancymodloader\earlydisplay\10.0.36\dbd0e11d545443f602addede111c39d9639708f9\earlydisplay-10.0.36.jar with languages []
[25dic2025 22:38:26.369] [main/INFO] [net.neoforged.fml.loading.EarlyServiceDiscovery/]: Found 2 early service jars (out of 109) in 30ms
[25dic2025 22:38:26.370] [main/INFO] [net.neoforged.fml.loading.FMLLoader/]: Loading FML Early Services:
[25dic2025 22:38:26.370] [main/INFO] [net.neoforged.fml.loading.FMLLoader/]:  - C:/Users/rosar/.gradle/caches/modules-2/files-2.1/net.neoforged.fancymodloader/earlydisplay/10.0.36/dbd0e11d545443f602addede111c39d9639708f9/earlydisplay-10.0.36.jar
[25dic2025 22:38:26.371] [main/INFO] [net.neoforged.fml.loading.FMLLoader/]:  - C:/Users/rosar/.gradle/caches/modules-2/files-2.1/net.neoforged.fancymodloader/loader/10.0.36/f72ab4d3e755fe736829883d90430a281527aca/loader-10.0.36.jar
[25dic2025 22:38:26.378] [main/DEBUG] [net.neoforged.fml.util.ServiceLoaderUtil/CORE]: Found 0 implementations of GraphicsBootstrapper:
[25dic2025 22:38:26.379] [main/INFO] [net.neoforged.fml.loading.ImmediateWindowHandler/]: Loading ImmediateWindowProvider fmlearlywindow
[25dic2025 22:38:26.394] [main/DEBUG] [net.neoforged.fml.util.ServiceLoaderUtil/CORE]: Found 1 implementations of ImmediateWindowProvider:
[25dic2025 22:38:26.396] [main/DEBUG] [net.neoforged.fml.util.ServiceLoaderUtil/CORE]: 	net.neoforged.fml.earlydisplay.DisplayWindow from C:/Users/rosar/.gradle/caches/modules-2/files-2.1/net.neoforged.fancymodloader/earlydisplay/10.0.36/dbd0e11d545443f602addede111c39d9639708f9/earlydisplay-10.0.36.jar
[25dic2025 22:38:26.432] [main/DEBUG] [net.neoforged.fml.earlydisplay.theme.ThemeLoader/]: Loading built-in theme default
[25dic2025 22:38:27.038] [ForkJoinPool.commonPool-worker-13/DEBUG] [net.neoforged.fml.util.ServiceLoaderUtil/CORE]: Found 4 implementations of IModFileCandidateLocator:
[25dic2025 22:38:27.039] [ForkJoinPool.commonPool-worker-13/DEBUG] [net.neoforged.fml.util.ServiceLoaderUtil/CORE]: 	    1000 - [built-in] net.neoforged.fml.loading.moddiscovery.locators.GameLocator from C:/Users/rosar/.gradle/caches/modules-2/files-2.1/net.neoforged.fancymodloader/loader/10.0.36/f72ab4d3e755fe736829883d90430a281527aca/loader-10.0.36.jar
[25dic2025 22:38:27.040] [ForkJoinPool.commonPool-worker-13/DEBUG] [net.neoforged.fml.util.ServiceLoaderUtil/CORE]: 	    1000 - [built-in] net.neoforged.fml.loading.moddiscovery.locators.InDevFolderLocator from C:/Users/rosar/.gradle/caches/modules-2/files-2.1/net.neoforged.fancymodloader/loader/10.0.36/f72ab4d3e755fe736829883d90430a281527aca/loader-10.0.36.jar
[25dic2025 22:38:27.040] [ForkJoinPool.commonPool-worker-13/DEBUG] [net.neoforged.fml.util.ServiceLoaderUtil/CORE]: 	    1000 - [built-in] net.neoforged.fml.loading.moddiscovery.locators.InDevJarLocator from C:/Users/rosar/.gradle/caches/modules-2/files-2.1/net.neoforged.fancymodloader/loader/10.0.36/f72ab4d3e755fe736829883d90430a281527aca/loader-10.0.36.jar
[25dic2025 22:38:27.040] [ForkJoinPool.commonPool-worker-13/DEBUG] [net.neoforged.fml.util.ServiceLoaderUtil/CORE]: 	       0 - [built-in] net.neoforged.fml.loading.moddiscovery.locators.ModsFolderLocator from C:/Users/rosar/.gradle/caches/modules-2/files-2.1/net.neoforged.fancymodloader/loader/10.0.36/f72ab4d3e755fe736829883d90430a281527aca/loader-10.0.36.jar
[25dic2025 22:38:27.041] [ForkJoinPool.commonPool-worker-13/DEBUG] [net.neoforged.fml.util.ServiceLoaderUtil/CORE]: Found 2 implementations of IModFileReader:
[25dic2025 22:38:27.041] [ForkJoinPool.commonPool-worker-13/DEBUG] [net.neoforged.fml.util.ServiceLoaderUtil/CORE]: 	       0 - net.neoforged.fml.loading.moddiscovery.readers.JarModsDotTomlModFileReader from C:/Users/rosar/.gradle/caches/modules-2/files-2.1/net.neoforged.fancymodloader/loader/10.0.36/f72ab4d3e755fe736829883d90430a281527aca/loader-10.0.36.jar
[25dic2025 22:38:27.043] [ForkJoinPool.commonPool-worker-13/DEBUG] [net.neoforged.fml.util.ServiceLoaderUtil/CORE]: 	   -1000 - net.neoforged.fml.loading.moddiscovery.readers.NestedLibraryModReader from C:/Users/rosar/.gradle/caches/modules-2/files-2.1/net.neoforged.fancymodloader/loader/10.0.36/f72ab4d3e755fe736829883d90430a281527aca/loader-10.0.36.jar
[25dic2025 22:38:27.046] [ForkJoinPool.commonPool-worker-13/DEBUG] [net.neoforged.fml.util.ServiceLoaderUtil/CORE]: Found 1 implementations of IDependencyLocator:
[25dic2025 22:38:27.046] [ForkJoinPool.commonPool-worker-13/DEBUG] [net.neoforged.fml.util.ServiceLoaderUtil/CORE]: 	       0 - net.neoforged.fml.loading.moddiscovery.locators.JarInJarDependencyLocator from C:/Users/rosar/.gradle/caches/modules-2/files-2.1/net.neoforged.fancymodloader/loader/10.0.36/f72ab4d3e755fe736829883d90430a281527aca/loader-10.0.36.jar
[25dic2025 22:38:27.084] [ForkJoinPool.commonPool-worker-13/DEBUG] [net.neoforged.fml.loading.moddiscovery.locators.RequiredSystemFiles/]: Found NeoForge MANIFEST.MF in jar(C:/Users/rosar/.gradle/caches/modules-2/files-2.1/net.neoforged/neoforge/21.11.13-beta/2c339988bbc534c47e5c61bcaaf2c857f1b1928d/neoforge-21.11.13-beta-universal.jar)
[25dic2025 22:38:27.084] [ForkJoinPool.commonPool-worker-13/INFO] [net.neoforged.fml.loading.moddiscovery.locators.GameLocator/]: Detected a joined NeoForge and Minecraft configuration. Applying filtering...
[25dic2025 22:38:27.191] [ForkJoinPool.commonPool-worker-13/DEBUG] [net.neoforged.fml.loading.moddiscovery.ModFileInfo/LOADING]: Found valid mod file neoforge-21.11.13-beta.jar with {minecraft} mods - versions {1.21.11}
[25dic2025 22:38:27.193] [ForkJoinPool.commonPool-worker-13/DEBUG] [net.neoforged.fml.loading.moddiscovery.ModFile/LOADING]: Loading mod file D:\Programmazione\Mod\Reinforced Obsidian\NEOFORGE\1.21.11\.gradle\repositories\ng_dummy_ng\net\neoforged\neoforge\21.11.13-beta\neoforge-21.11.13-beta.jar with languages [LanguageSpec[languageName=minecraft, acceptedVersions=1]]
[25dic2025 22:38:27.193] [ForkJoinPool.commonPool-worker-13/DEBUG] [net.neoforged.fml.loading.moddiscovery.ModFileParser/LOADING]: Considering mod file candidate C:\Users\rosar\.gradle\caches\modules-2\files-2.1\net.neoforged\neoforge\21.11.13-beta\2c339988bbc534c47e5c61bcaaf2c857f1b1928d\neoforge-21.11.13-beta-universal.jar
[25dic2025 22:38:27.198] [ForkJoinPool.commonPool-worker-13/DEBUG] [net.neoforged.fml.loading.moddiscovery.ModFileInfo/LOADING]: Found valid mod file neoforge-21.11.13-beta-universal.jar with {neoforge} mods - versions {21.11.13-beta}
[25dic2025 22:38:27.198] [ForkJoinPool.commonPool-worker-13/DEBUG] [net.neoforged.fml.loading.moddiscovery.ModFile/LOADING]: Loading mod file C:\Users\rosar\.gradle\caches\modules-2\files-2.1\net.neoforged\neoforge\21.11.13-beta\2c339988bbc534c47e5c61bcaaf2c857f1b1928d\neoforge-21.11.13-beta-universal.jar with languages [LanguageSpec[languageName=javafml, acceptedVersions=[3,]]]
[25dic2025 22:38:27.203] [ForkJoinPool.commonPool-worker-13/DEBUG] [net.neoforged.fml.loading.moddiscovery.ModFile/LOADING]: Found mixin config MixinConfig[config=neoforge.mixins.json, requiredMods=[], behaviorVersion=null]
[25dic2025 22:38:27.204] [ForkJoinPool.commonPool-worker-13/INFO] [net.neoforged.fml.loading.moddiscovery.locators.InDevFolderLocator/CORE]: Got mod coordinates 1.21.11%%D:\Programmazione\Mod\Reinforced Obsidian\NEOFORGE\1.21.11\build\resources\main;1.21.11%%D:\Programmazione\Mod\Reinforced Obsidian\NEOFORGE\1.21.11\build\classes\java\main from env
[25dic2025 22:38:27.210] [ForkJoinPool.commonPool-worker-13/DEBUG] [net.neoforged.fml.loading.moddiscovery.ModFileParser/LOADING]: Considering mod file candidate D:\Programmazione\Mod\Reinforced Obsidian\NEOFORGE\1.21.11\build\resources\main
[25dic2025 22:38:27.220] [ForkJoinPool.commonPool-worker-13/DEBUG] [net.neoforged.fml.loading.moddiscovery.ModFileInfo/LOADING]: Found valid mod file main with {reinforcedobsidian} mods - versions {1.21.11-0.1}
[25dic2025 22:38:27.221] [ForkJoinPool.commonPool-worker-13/DEBUG] [net.neoforged.fml.loading.moddiscovery.ModFile/LOADING]: Loading mod file D:\Programmazione\Mod\Reinforced Obsidian\NEOFORGE\1.21.11\build\resources\main with languages [LanguageSpec[languageName=javafml, acceptedVersions=[4,)]]
[25dic2025 22:38:27.221] [ForkJoinPool.commonPool-worker-13/ERROR] [net.neoforged.fml.loading.moddiscovery.ModFile/LOADING]: Access transformer file META-INF/accesstransformer.cfg provided by mod reinforcedobsidian does not exist!
[25dic2025 22:38:27.223] [ForkJoinPool.commonPool-worker-13/DEBUG] [net.neoforged.fml.loading.moddiscovery.ModDiscoverer/]: Skipping D:\Programmazione\Mod\Reinforced Obsidian\NEOFORGE\1.21.11\.gradle\repositories\ng_dummy_ng\net\neoforged\neoforge\21.11.13-beta\neoforge-21.11.13-beta.jar because it was already located earlier
[25dic2025 22:38:27.223] [ForkJoinPool.commonPool-worker-13/DEBUG] [net.neoforged.fml.loading.moddiscovery.ModDiscoverer/]: Skipping C:\Users\rosar\.gradle\caches\modules-2\files-2.1\net.neoforged\neoforge\21.11.13-beta\2c339988bbc534c47e5c61bcaaf2c857f1b1928d\neoforge-21.11.13-beta-universal.jar because it was already located earlier
[25dic2025 22:38:27.264] [ForkJoinPool.commonPool-worker-13/DEBUG] [net.neoforged.fml.loading.moddiscovery.ModFile/LOADING]: Loading mod file C:\Users\rosar\.gradle\caches\modules-2\files-2.1\io.github.llamalad7\mixinextras-neoforge\0.5.0\d734b83ce6542bb70ea31755c1595b88992dbe65\mixinextras-neoforge-0.5.0.jar with languages []
[25dic2025 22:38:27.291] [fml-loadingscreen/INFO] [net.neoforged.fml.earlydisplay.render.LoadingScreenRenderer/]: GL info: Intel(R) UHD Graphics GL version 3.3.0 - Build 31.0.101.5592, Intel
[25dic2025 22:38:27.306] [ForkJoinPool.commonPool-worker-13/DEBUG] [net.neoforged.fml.loading.moddiscovery.ModFile/LOADING]: Loading mod file D:\Programmazione\Mod\Reinforced Obsidian\NEOFORGE\1.21.11\runs\client\.cache\jij\9c617719248f8b89847348fc7ea5e705739c147ae5e172551264d225bc9f2507\mixinextras-neoforge-0.5.0.jar with languages []
[25dic2025 22:38:27.311] [ForkJoinPool.commonPool-worker-13/DEBUG] [net.neoforged.fml.loading.moddiscovery.ModFile/LOADING]: Loading mod file D:\Programmazione\Mod\Reinforced Obsidian\NEOFORGE\1.21.11\runs\client\.cache\jij\54bb3c61f37ced77ba30dc02ca5b2f71ced259612101a8b1325855cff9d9755c\net.neoforged.neoforge-coremods-21.11.13-beta.jar with languages []
[25dic2025 22:38:27.350] [ForkJoinPool.commonPool-worker-13/WARN] [net.neoforged.jarjar.selection.JarSelector/]: Attempted to select a dependency jar for JarJar which was passed in as source: library:mixinextras.neoforge. Using jar(C:/Users/rosar/.gradle/caches/modules-2/files-2.1/io.github.llamalad7/mixinextras-neoforge/0.5.0/d734b83ce6542bb70ea31755c1595b88992dbe65/mixinextras-neoforge-0.5.0.jar)
[25dic2025 22:38:27.351] [ForkJoinPool.commonPool-worker-13/INFO] [net.neoforged.fml.loading.moddiscovery.locators.JarInJarDependencyLocator/]: Found 1 dependencies adding them to mods collection
[25dic2025 22:38:27.354] [ForkJoinPool.commonPool-worker-13/INFO] [net.neoforged.fml.loading.moddiscovery.ModDiscoverer/]: 
     Mod List:
		Name Version (Mod Id)

		Minecraft 1.21.11 (minecraft)
		NeoForge 21.11.13-beta (neoforge)
		ReinforcedObsidian 1.21.11-0.1 (reinforcedobsidian)
[25dic2025 22:38:27.360] [ForkJoinPool.commonPool-worker-13/DEBUG] [net.neoforged.fml.loading.ModSorter/]: Configured system mods: [minecraft, neoforge]
[25dic2025 22:38:27.360] [ForkJoinPool.commonPool-worker-13/DEBUG] [net.neoforged.fml.loading.ModSorter/]: Found system mod: minecraft
[25dic2025 22:38:27.361] [ForkJoinPool.commonPool-worker-13/DEBUG] [net.neoforged.fml.loading.ModSorter/]: Found system mod: neoforge
[25dic2025 22:38:27.365] [ForkJoinPool.commonPool-worker-13/DEBUG] [net.neoforged.fml.loading.ModSorter/LOADING]: Found 2 mod requirements (2 mandatory, 0 optional)
[25dic2025 22:38:27.367] [ForkJoinPool.commonPool-worker-13/DEBUG] [net.neoforged.fml.loading.ModSorter/LOADING]: Found 0 mod requirements missing (0 mandatory, 0 optional)
[25dic2025 22:38:27.664] [main/INFO] [mixin/]: SpongePowered MIXIN Subsystem Version=0.8.7 Source=file:/C:/Users/rosar/.gradle/caches/modules-2/files-2.1/net.fabricmc/sponge-mixin/0.16.5+mixin.0.8.7/80fc3a9f592673cea87f4cd702f87991c6c9fe4d/sponge-mixin-0.16.5+mixin.0.8.7.jar Service=FML Env=CLIENT
[25dic2025 22:38:27.738] [main/DEBUG] [mixin/]: Initialising Mixin Platform Manager
[25dic2025 22:38:27.739] [main/DEBUG] [mixin/]: Adding mixin platform agents for container ContainerHandleVirtual(fml:18c85)
[25dic2025 22:38:27.746] [main/DEBUG] [mixin/]: Instancing new MixinPlatformAgentDefault for ContainerHandleVirtual(fml:18c85)
[25dic2025 22:38:27.748] [main/DEBUG] [mixin/]: MixinPlatformAgentDefault accepted container ContainerHandleVirtual(fml:18c85)
[25dic2025 22:38:27.748] [main/DEBUG] [mixin/]: Instancing new MixinPlatformAgentDefault for ContainerHandleVirtual(fml:18c85)
[25dic2025 22:38:27.749] [main/DEBUG] [mixin/]: MixinPlatformAgentDefault accepted container ContainerHandleVirtual(fml:18c85)
[25dic2025 22:38:27.750] [main/DEBUG] [mixin/]: Processing prepare() for PlatformAgent[MixinPlatformAgentDefault:ContainerHandleVirtual(fml:18c85)]
[25dic2025 22:38:27.750] [main/DEBUG] [mixin/]: Processing prepare() for PlatformAgent[MixinPlatformAgentDefault:ContainerHandleVirtual(fml:18c85)]
[25dic2025 22:38:27.754] [main/INFO] [net.neoforged.fml.loading.FMLLoader/]: Loading FML Plugins:
[25dic2025 22:38:27.755] [main/INFO] [net.neoforged.fml.loading.FMLLoader/]:  - C:/Users/rosar/.gradle/caches/modules-2/files-2.1/net.neoforged/neoforge/21.11.13-beta/2c339988bbc534c47e5c61bcaaf2c857f1b1928d/neoforge-21.11.13-beta-universal.jar > net.neoforged.neoforge-coremods-21.11.13-beta.jar
[25dic2025 22:38:27.769] [main/DEBUG] [net.neoforged.fml.util.ServiceLoaderUtil/CORE]: Found 2 implementations of IModLanguageLoader:
[25dic2025 22:38:27.769] [main/DEBUG] [net.neoforged.fml.util.ServiceLoaderUtil/CORE]: 	net.neoforged.fml.javafmlmod.FMLJavaModLanguageProvider from C:/Users/rosar/.gradle/caches/modules-2/files-2.1/net.neoforged.fancymodloader/loader/10.0.36/f72ab4d3e755fe736829883d90430a281527aca/loader-10.0.36.jar
[25dic2025 22:38:27.769] [main/DEBUG] [net.neoforged.fml.util.ServiceLoaderUtil/CORE]: 	net.neoforged.fml.mclanguageprovider.MinecraftModLanguageProvider from C:/Users/rosar/.gradle/caches/modules-2/files-2.1/net.neoforged.fancymodloader/loader/10.0.36/f72ab4d3e755fe736829883d90430a281527aca/loader-10.0.36.jar
[25dic2025 22:38:27.772] [main/DEBUG] [net.neoforged.fml.loading.LanguageProviderLoader/CORE]: Found language provider javafml, version 10.0
[25dic2025 22:38:27.775] [main/DEBUG] [net.neoforged.fml.loading.LanguageProviderLoader/CORE]: Found language provider minecraft, version 10.0
[25dic2025 22:38:27.787] [main/DEBUG] [net.neoforged.fml.loading.FMLLoader/]: Adding Access Transformer META-INF/accesstransformer.cfg in composite(filtered(jar(C:/Users/rosar/.gradle/caches/modules-2/files-2.1/net.neoforged/neoforge/21.11.13-beta/2c339988bbc534c47e5c61bcaaf2c857f1b1928d/neoforge-21.11.13-beta-universal.jar)))
[25dic2025 22:38:27.833] [main/DEBUG] [net.neoforged.fml.loading.FMLLoader/]: Adding Access Transformer META-INF/accesstransformergenerated.cfg in composite(filtered(jar(C:/Users/rosar/.gradle/caches/modules-2/files-2.1/net.neoforged/neoforge/21.11.13-beta/2c339988bbc534c47e5c61bcaaf2c857f1b1928d/neoforge-21.11.13-beta-universal.jar)))
[25dic2025 22:38:27.860] [main/DEBUG] [net.neoforged.fml.util.ServiceLoaderUtil/CORE]: Found 5 implementations of ClassProcessor:
[25dic2025 22:38:27.862] [main/DEBUG] [net.neoforged.fml.util.ServiceLoaderUtil/CORE]: 	[built-in] net.neoforged.fml.common.asm.AccessTransformerService from C:/Users/rosar/.gradle/caches/modules-2/files-2.1/net.neoforged.fancymodloader/loader/10.0.36/f72ab4d3e755fe736829883d90430a281527aca/loader-10.0.36.jar
[25dic2025 22:38:27.862] [main/DEBUG] [net.neoforged.fml.util.ServiceLoaderUtil/CORE]: 	[built-in] net.neoforged.fml.common.asm.enumextension.RuntimeEnumExtender from C:/Users/rosar/.gradle/caches/modules-2/files-2.1/net.neoforged.fancymodloader/loader/10.0.36/f72ab4d3e755fe736829883d90430a281527aca/loader-10.0.36.jar
[25dic2025 22:38:27.862] [main/DEBUG] [net.neoforged.fml.util.ServiceLoaderUtil/CORE]: 	[built-in] net.neoforged.fml.common.asm.SimpleProcessorsGroup from C:/Users/rosar/.gradle/caches/modules-2/files-2.1/net.neoforged.fancymodloader/loader/10.0.36/f72ab4d3e755fe736829883d90430a281527aca/loader-10.0.36.jar
[25dic2025 22:38:27.862] [main/DEBUG] [net.neoforged.fml.util.ServiceLoaderUtil/CORE]: 	[built-in] net.neoforged.fml.loading.moddiscovery.locators.NeoForgeDevDistCleaner from C:/Users/rosar/.gradle/caches/modules-2/files-2.1/net.neoforged.fancymodloader/loader/10.0.36/f72ab4d3e755fe736829883d90430a281527aca/loader-10.0.36.jar
[25dic2025 22:38:27.862] [main/DEBUG] [net.neoforged.fml.util.ServiceLoaderUtil/CORE]: 	[built-in] net.neoforged.fml.loading.mixin.FMLMixinClassProcessor from C:/Users/rosar/.gradle/caches/modules-2/files-2.1/net.neoforged.fancymodloader/loader/10.0.36/f72ab4d3e755fe736829883d90430a281527aca/loader-10.0.36.jar
[25dic2025 22:38:27.868] [main/DEBUG] [net.neoforged.fml.util.ServiceLoaderUtil/CORE]: Found 1 implementations of ClassProcessorProvider:
[25dic2025 22:38:27.868] [main/DEBUG] [net.neoforged.fml.util.ServiceLoaderUtil/CORE]: 	net.neoforged.neoforge.coremods.NeoForgeCoreMod from C:/Users/rosar/.gradle/caches/modules-2/files-2.1/net.neoforged/neoforge/21.11.13-beta/2c339988bbc534c47e5c61bcaaf2c857f1b1928d/neoforge-21.11.13-beta-universal.jar > net.neoforged.neoforge-coremods-21.11.13-beta.jar
[25dic2025 22:38:27.951] [main/DEBUG] [net.neoforged.fml.loading.FMLLoader/]: Masking classpath elements: [D:/Programmazione/Mod/Reinforced Obsidian/NEOFORGE/1.21.11/build/classes/java/main, C:/Users/rosar/.gradle/caches/modules-2/files-2.1/net.neoforged/neoforge/21.11.13-beta/2c339988bbc534c47e5c61bcaaf2c857f1b1928d/neoforge-21.11.13-beta-universal.jar, D:/Programmazione/Mod/Reinforced Obsidian/NEOFORGE/1.21.11/.gradle/repositories/ng_dummy_ng/net/neoforged/neoforge/21.11.13-beta/neoforge-21.11.13-beta.jar, D:/Programmazione/Mod/Reinforced Obsidian/NEOFORGE/1.21.11/build/resources/main, C:/Users/rosar/.gradle/caches/modules-2/files-2.1/io.github.llamalad7/mixinextras-neoforge/0.5.0/d734b83ce6542bb70ea31755c1595b88992dbe65/mixinextras-neoforge-0.5.0.jar]
[25dic2025 22:38:27.972] [main/INFO] [net.neoforged.fml.loading.FMLLoader/]: Building game content classloader:
 - minecraft (composite(filtered(jar(D:/Programmazione/Mod/Reinforced Obsidian/NEOFORGE/1.21.11/.gradle/repositories/ng_dummy_ng/net/neoforged/neoforge/21.11.13-beta/neoforge-21.11.13-beta.jar)), filtered(jar(D:/Programmazione/Mod/Reinforced Obsidian/NEOFORGE/1.21.11/.gradle/repositories/ng_dummy_ng/net/neoforged/neoforge/21.11.13-beta/neoforge-21.11.13-beta.jar))))
 - mixinextras.neoforge (jar(C:/Users/rosar/.gradle/caches/modules-2/files-2.1/io.github.llamalad7/mixinextras-neoforge/0.5.0/d734b83ce6542bb70ea31755c1595b88992dbe65/mixinextras-neoforge-0.5.0.jar))
 - neoforge (composite(filtered(jar(C:/Users/rosar/.gradle/caches/modules-2/files-2.1/net.neoforged/neoforge/21.11.13-beta/2c339988bbc534c47e5c61bcaaf2c857f1b1928d/neoforge-21.11.13-beta-universal.jar))))
 - net.neoforged.fml.generated (empty(VirtualJar/net.neoforged.fml.generated))
 - reinforcedobsidian (composite(folder(D:/Programmazione/Mod/Reinforced Obsidian/NEOFORGE/1.21.11/build/resources/main), folder(D:/Programmazione/Mod/Reinforced Obsidian/NEOFORGE/1.21.11/build/classes/java/main)))
[25dic2025 22:38:27.998] [main/INFO] [net.neoforged.fml.loading.FMLLoader/]: Built game content classloader in 46ms
[25dic2025 22:38:28.131] [main/DEBUG] [mixin/]: Processing launch tasks for PlatformAgent[MixinPlatformAgentDefault:ContainerHandleVirtual(fml:18c85)]
[25dic2025 22:38:28.131] [main/DEBUG] [mixin/]: Processing launch tasks for PlatformAgent[MixinPlatformAgentDefault:ContainerHandleVirtual(fml:18c85)]
[25dic2025 22:38:28.138] [main/DEBUG] [mixin/]: Adding agents for Mixin Container composite(filtered(jar(C:/Users/rosar/.gradle/caches/modules-2/files-2.1/net.neoforged/neoforge/21.11.13-beta/2c339988bbc534c47e5c61bcaaf2c857f1b1928d/neoforge-21.11.13-beta-universal.jar))) > jar(C:/Users/rosar/.gradle/caches/modules-2/files-2.1/net.neoforged/neoforge/21.11.13-beta/2c339988bbc534c47e5c61bcaaf2c857f1b1928d/neoforge-21.11.13-beta-universal.jar > net.neoforged.neoforge-coremods-21.11.13-beta.jar)
[25dic2025 22:38:28.138] [main/DEBUG] [mixin/]: Adding mixin platform agents for container composite(filtered(jar(C:/Users/rosar/.gradle/caches/modules-2/files-2.1/net.neoforged/neoforge/21.11.13-beta/2c339988bbc534c47e5c61bcaaf2c857f1b1928d/neoforge-21.11.13-beta-universal.jar))) > jar(C:/Users/rosar/.gradle/caches/modules-2/files-2.1/net.neoforged/neoforge/21.11.13-beta/2c339988bbc534c47e5c61bcaaf2c857f1b1928d/neoforge-21.11.13-beta-universal.jar > net.neoforged.neoforge-coremods-21.11.13-beta.jar)
[25dic2025 22:38:28.138] [main/DEBUG] [mixin/]: Instancing new MixinPlatformAgentDefault for composite(filtered(jar(C:/Users/rosar/.gradle/caches/modules-2/files-2.1/net.neoforged/neoforge/21.11.13-beta/2c339988bbc534c47e5c61bcaaf2c857f1b1928d/neoforge-21.11.13-beta-universal.jar))) > jar(C:/Users/rosar/.gradle/caches/modules-2/files-2.1/net.neoforged/neoforge/21.11.13-beta/2c339988bbc534c47e5c61bcaaf2c857f1b1928d/neoforge-21.11.13-beta-universal.jar > net.neoforged.neoforge-coremods-21.11.13-beta.jar)
[25dic2025 22:38:28.139] [main/DEBUG] [mixin/]: MixinPlatformAgentDefault accepted container composite(filtered(jar(C:/Users/rosar/.gradle/caches/modules-2/files-2.1/net.neoforged/neoforge/21.11.13-beta/2c339988bbc534c47e5c61bcaaf2c857f1b1928d/neoforge-21.11.13-beta-universal.jar))) > jar(C:/Users/rosar/.gradle/caches/modules-2/files-2.1/net.neoforged/neoforge/21.11.13-beta/2c339988bbc534c47e5c61bcaaf2c857f1b1928d/neoforge-21.11.13-beta-universal.jar > net.neoforged.neoforge-coremods-21.11.13-beta.jar)
[25dic2025 22:38:28.139] [main/DEBUG] [mixin/]: Instancing new MixinPlatformAgentDefault for composite(filtered(jar(C:/Users/rosar/.gradle/caches/modules-2/files-2.1/net.neoforged/neoforge/21.11.13-beta/2c339988bbc534c47e5c61bcaaf2c857f1b1928d/neoforge-21.11.13-beta-universal.jar))) > jar(C:/Users/rosar/.gradle/caches/modules-2/files-2.1/net.neoforged/neoforge/21.11.13-beta/2c339988bbc534c47e5c61bcaaf2c857f1b1928d/neoforge-21.11.13-beta-universal.jar > net.neoforged.neoforge-coremods-21.11.13-beta.jar)
[25dic2025 22:38:28.139] [main/DEBUG] [mixin/]: MixinPlatformAgentDefault accepted container composite(filtered(jar(C:/Users/rosar/.gradle/caches/modules-2/files-2.1/net.neoforged/neoforge/21.11.13-beta/2c339988bbc534c47e5c61bcaaf2c857f1b1928d/neoforge-21.11.13-beta-universal.jar))) > jar(C:/Users/rosar/.gradle/caches/modules-2/files-2.1/net.neoforged/neoforge/21.11.13-beta/2c339988bbc534c47e5c61bcaaf2c857f1b1928d/neoforge-21.11.13-beta-universal.jar > net.neoforged.neoforge-coremods-21.11.13-beta.jar)
[25dic2025 22:38:28.139] [main/DEBUG] [mixin/]: Processing prepare() for PlatformAgent[MixinPlatformAgentDefault:composite(filtered(jar(C:/Users/rosar/.gradle/caches/modules-2/files-2.1/net.neoforged/neoforge/21.11.13-beta/2c339988bbc534c47e5c61bcaaf2c857f1b1928d/neoforge-21.11.13-beta-universal.jar))) > jar(C:/Users/rosar/.gradle/caches/modules-2/files-2.1/net.neoforged/neoforge/21.11.13-beta/2c339988bbc534c47e5c61bcaaf2c857f1b1928d/neoforge-21.11.13-beta-universal.jar > net.neoforged.neoforge-coremods-21.11.13-beta.jar)]
[25dic2025 22:38:28.140] [main/DEBUG] [mixin/]: Processing prepare() for PlatformAgent[MixinPlatformAgentDefault:composite(filtered(jar(C:/Users/rosar/.gradle/caches/modules-2/files-2.1/net.neoforged/neoforge/21.11.13-beta/2c339988bbc534c47e5c61bcaaf2c857f1b1928d/neoforge-21.11.13-beta-universal.jar))) > jar(C:/Users/rosar/.gradle/caches/modules-2/files-2.1/net.neoforged/neoforge/21.11.13-beta/2c339988bbc534c47e5c61bcaaf2c857f1b1928d/neoforge-21.11.13-beta-universal.jar > net.neoforged.neoforge-coremods-21.11.13-beta.jar)]
[25dic2025 22:38:28.140] [main/DEBUG] [mixin/]: Adding agents for Mixin Container jar(C:/Users/rosar/.gradle/caches/modules-2/files-2.1/io.github.llamalad7/mixinextras-neoforge/0.5.0/d734b83ce6542bb70ea31755c1595b88992dbe65/mixinextras-neoforge-0.5.0.jar)
[25dic2025 22:38:28.140] [main/DEBUG] [mixin/]: Adding mixin platform agents for container jar(C:/Users/rosar/.gradle/caches/modules-2/files-2.1/io.github.llamalad7/mixinextras-neoforge/0.5.0/d734b83ce6542bb70ea31755c1595b88992dbe65/mixinextras-neoforge-0.5.0.jar)
[25dic2025 22:38:28.141] [main/DEBUG] [mixin/]: Instancing new MixinPlatformAgentDefault for jar(C:/Users/rosar/.gradle/caches/modules-2/files-2.1/io.github.llamalad7/mixinextras-neoforge/0.5.0/d734b83ce6542bb70ea31755c1595b88992dbe65/mixinextras-neoforge-0.5.0.jar)
[25dic2025 22:38:28.141] [main/DEBUG] [mixin/]: MixinPlatformAgentDefault accepted container jar(C:/Users/rosar/.gradle/caches/modules-2/files-2.1/io.github.llamalad7/mixinextras-neoforge/0.5.0/d734b83ce6542bb70ea31755c1595b88992dbe65/mixinextras-neoforge-0.5.0.jar)
[25dic2025 22:38:28.142] [main/DEBUG] [mixin/]: Instancing new MixinPlatformAgentDefault for jar(C:/Users/rosar/.gradle/caches/modules-2/files-2.1/io.github.llamalad7/mixinextras-neoforge/0.5.0/d734b83ce6542bb70ea31755c1595b88992dbe65/mixinextras-neoforge-0.5.0.jar)
[25dic2025 22:38:28.142] [main/DEBUG] [mixin/]: MixinPlatformAgentDefault accepted container jar(C:/Users/rosar/.gradle/caches/modules-2/files-2.1/io.github.llamalad7/mixinextras-neoforge/0.5.0/d734b83ce6542bb70ea31755c1595b88992dbe65/mixinextras-neoforge-0.5.0.jar)
[25dic2025 22:38:28.142] [main/DEBUG] [mixin/]: Processing prepare() for PlatformAgent[MixinPlatformAgentDefault:jar(C:/Users/rosar/.gradle/caches/modules-2/files-2.1/io.github.llamalad7/mixinextras-neoforge/0.5.0/d734b83ce6542bb70ea31755c1595b88992dbe65/mixinextras-neoforge-0.5.0.jar)]
[25dic2025 22:38:28.142] [main/DEBUG] [mixin/]: Registering mixin config: mixinextras.init.mixins.json source=jar(C:/Users/rosar/.gradle/caches/modules-2/files-2.1/io.github.llamalad7/mixinextras-neoforge/0.5.0/d734b83ce6542bb70ea31755c1595b88992dbe65/mixinextras-neoforge-0.5.0.jar)
[25dic2025 22:38:28.146] [main/DEBUG] [mixin/]: Processing prepare() for PlatformAgent[MixinPlatformAgentDefault:jar(C:/Users/rosar/.gradle/caches/modules-2/files-2.1/io.github.llamalad7/mixinextras-neoforge/0.5.0/d734b83ce6542bb70ea31755c1595b88992dbe65/mixinextras-neoforge-0.5.0.jar)]
[25dic2025 22:38:28.147] [main/DEBUG] [mixin/]: Registering mixin config: mixinextras.init.mixins.json source=jar(C:/Users/rosar/.gradle/caches/modules-2/files-2.1/io.github.llamalad7/mixinextras-neoforge/0.5.0/d734b83ce6542bb70ea31755c1595b88992dbe65/mixinextras-neoforge-0.5.0.jar)
[25dic2025 22:38:28.147] [main/DEBUG] [mixin/]: inject() running with 3 agents
[25dic2025 22:38:28.147] [main/DEBUG] [mixin/]: Processing inject() for PlatformAgent[MixinPlatformAgentDefault:ContainerHandleVirtual(fml:18c85)]
[25dic2025 22:38:28.148] [main/DEBUG] [mixin/]: Processing inject() for PlatformAgent[MixinPlatformAgentDefault:ContainerHandleVirtual(fml:18c85)]
[25dic2025 22:38:28.148] [main/DEBUG] [mixin/]: Processing inject() for PlatformAgent[MixinPlatformAgentDefault:composite(filtered(jar(C:/Users/rosar/.gradle/caches/modules-2/files-2.1/net.neoforged/neoforge/21.11.13-beta/2c339988bbc534c47e5c61bcaaf2c857f1b1928d/neoforge-21.11.13-beta-universal.jar))) > jar(C:/Users/rosar/.gradle/caches/modules-2/files-2.1/net.neoforged/neoforge/21.11.13-beta/2c339988bbc534c47e5c61bcaaf2c857f1b1928d/neoforge-21.11.13-beta-universal.jar > net.neoforged.neoforge-coremods-21.11.13-beta.jar)]
[25dic2025 22:38:28.148] [main/DEBUG] [mixin/]: Processing inject() for PlatformAgent[MixinPlatformAgentDefault:composite(filtered(jar(C:/Users/rosar/.gradle/caches/modules-2/files-2.1/net.neoforged/neoforge/21.11.13-beta/2c339988bbc534c47e5c61bcaaf2c857f1b1928d/neoforge-21.11.13-beta-universal.jar))) > jar(C:/Users/rosar/.gradle/caches/modules-2/files-2.1/net.neoforged/neoforge/21.11.13-beta/2c339988bbc534c47e5c61bcaaf2c857f1b1928d/neoforge-21.11.13-beta-universal.jar > net.neoforged.neoforge-coremods-21.11.13-beta.jar)]
[25dic2025 22:38:28.149] [main/DEBUG] [mixin/]: Processing inject() for PlatformAgent[MixinPlatformAgentDefault:jar(C:/Users/rosar/.gradle/caches/modules-2/files-2.1/io.github.llamalad7/mixinextras-neoforge/0.5.0/d734b83ce6542bb70ea31755c1595b88992dbe65/mixinextras-neoforge-0.5.0.jar)]
[25dic2025 22:38:28.149] [main/DEBUG] [mixin/]: Processing inject() for PlatformAgent[MixinPlatformAgentDefault:jar(C:/Users/rosar/.gradle/caches/modules-2/files-2.1/io.github.llamalad7/mixinextras-neoforge/0.5.0/d734b83ce6542bb70ea31755c1595b88992dbe65/mixinextras-neoforge-0.5.0.jar)]
[25dic2025 22:38:28.159] [main/DEBUG] [mixin/]: Preparing mixins for MixinEnvironment[DEFAULT]
[25dic2025 22:38:28.161] [main/DEBUG] [mixin/]: Selecting config neoforge.mixins.json
[25dic2025 22:38:28.164] [main/DEBUG] [mixin/]: Selecting config mixinextras.init.mixins.json
[25dic2025 22:38:28.221] [main/DEBUG] [MixinExtras|Service/]: com.llamalad7.mixinextras.service.MixinExtrasServiceImpl(version=0.5.0) is taking over from null
[25dic2025 22:38:28.272] [main/DEBUG] [mixin/]: Registering new injector for @Inject with org.spongepowered.asm.mixin.injection.struct.CallbackInjectionInfo
[25dic2025 22:38:28.274] [main/DEBUG] [mixin/]: Registering new injector for @ModifyArg with org.spongepowered.asm.mixin.injection.struct.ModifyArgInjectionInfo
[25dic2025 22:38:28.275] [main/DEBUG] [mixin/]: Registering new injector for @ModifyArgs with org.spongepowered.asm.mixin.injection.struct.ModifyArgsInjectionInfo
[25dic2025 22:38:28.277] [main/DEBUG] [mixin/]: Registering new injector for @Redirect with org.spongepowered.asm.mixin.injection.struct.RedirectInjectionInfo
[25dic2025 22:38:28.279] [main/DEBUG] [mixin/]: Registering new injector for @ModifyVariable with org.spongepowered.asm.mixin.injection.struct.ModifyVariableInjectionInfo
[25dic2025 22:38:28.279] [main/DEBUG] [mixin/]: Registering new injector for @ModifyConstant with org.spongepowered.asm.mixin.injection.struct.ModifyConstantInjectionInfo
[25dic2025 22:38:28.289] [main/DEBUG] [mixin/]: Preparing neoforge.mixins.json (2)
[25dic2025 22:38:28.367] [main/DEBUG] [mixin/]: Preparing mixinextras.init.mixins.json (0)
[25dic2025 22:38:28.630] [main/DEBUG] [io.netty.util.internal.logging.InternalLoggerFactory/]: Using SLF4J as the default logging framework
[25dic2025 22:38:28.632] [main/DEBUG] [io.netty.util.ResourceLeakDetector/]: -Dio.netty.leakDetection.level: simple
[25dic2025 22:38:28.633] [main/DEBUG] [io.netty.util.ResourceLeakDetector/]: -Dio.netty.leakDetection.targetRecords: 4
[25dic2025 22:38:29.886] [Datafixer Bootstrap/INFO] [com.mojang.datafixers.DataFixerBuilder/]: 290 Datafixer optimizations took 536 milliseconds
[25dic2025 22:38:30.110] [pool-8-thread-1/INFO] [MixinExtras|Service/]: Initializing MixinExtras via com.llamalad7.mixinextras.service.MixinExtrasServiceImpl(version=0.5.0).
[25dic2025 22:38:30.112] [pool-8-thread-1/DEBUG] [mixin/]: Registering new injector for @SugarWrapper with com.llamalad7.mixinextras.sugar.impl.SugarWrapperInjectionInfo
[25dic2025 22:38:30.112] [pool-8-thread-1/DEBUG] [mixin/]: Registering new injector for @FactoryRedirectWrapper with com.llamalad7.mixinextras.wrapper.factory.FactoryRedirectWrapperInjectionInfo
[25dic2025 22:38:30.113] [pool-8-thread-1/DEBUG] [mixin/]: Registering new injector for @ExpressionInjectorWrapper with com.llamalad7.mixinextras.expression.impl.wrapper.ExpressionInjectorWrapperInjectionInfo
[25dic2025 22:38:30.126] [pool-8-thread-1/DEBUG] [mixin/]: Mixing MappedRegistryAccessor from neoforge.mixins.json into net.minecraft.core.MappedRegistry
[25dic2025 22:38:31.326] [pool-8-thread-1/DEBUG] [mixin/]: Mixing BlockEntityTypeAccessor from neoforge.mixins.json into net.minecraft.world.level.block.entity.BlockEntityType
[25dic2025 22:38:36.989] [main/WARN] [net.minecraft.commands.Commands/]: Ambiguity between arguments [teleport, location] and [teleport, destination] with inputs: [0.1 -0.5 .9, 0 0 0]
[25dic2025 22:38:36.991] [main/WARN] [net.minecraft.commands.Commands/]: Ambiguity between arguments [teleport, location] and [teleport, targets] with inputs: [0.1 -0.5 .9, 0 0 0]
[25dic2025 22:38:36.994] [main/WARN] [net.minecraft.commands.Commands/]: Ambiguity between arguments [teleport, destination] and [teleport, targets] with inputs: [Player, 0123, @e, dd12be42-52a9-4a91-a8a1-11c01849e498]
[25dic2025 22:38:36.996] [main/WARN] [net.minecraft.commands.Commands/]: Ambiguity between arguments [teleport, targets] and [teleport, destination] with inputs: [Player, 0123, dd12be42-52a9-4a91-a8a1-11c01849e498]
[25dic2025 22:38:36.997] [main/WARN] [net.minecraft.commands.Commands/]: Ambiguity between arguments [teleport, targets, location] and [teleport, targets, destination] with inputs: [0.1 -0.5 .9, 0 0 0]
[25dic2025 22:38:36.998] [main/WARN] [net.minecraft.commands.Commands/]: Ambiguity between arguments [waypoint, modify, waypoint, color, reset] and [waypoint, modify, waypoint, color, color] with inputs: [reset]
[25dic2025 22:38:37.034] [main/DEBUG] [net.neoforged.fml.ModWorkManager/LOADING]: Using 16 threads for parallel mod-loading
[25dic2025 22:38:37.050] [main/DEBUG] [net.neoforged.fml.javafmlmod.FMLModContainer/LOADING]: Creating FMLModContainer instance for reinforcedobsidian with entrypoints [com.blocklegend001.reinforcedobsidian.ReinforcedObsidian]
[25dic2025 22:38:37.054] [main/DEBUG] [net.neoforged.fml.javafmlmod.FMLModContainer/LOADING]: Creating FMLModContainer instance for neoforge with entrypoints [net.neoforged.neoforge.common.NeoForgeMod, net.neoforged.neoforge.common.OnlyInWarningsHandler, net.neoforged.neoforge.client.ClientNeoForgeMod]
[25dic2025 22:38:37.082] [modloading-worker-0/DEBUG] [net.neoforged.fml.javafmlmod.AutomaticEventSubscriber/LOADING]: Attempting to inject @EventBusSubscriber classes into the eventbus for reinforcedobsidian
[25dic2025 22:38:37.083] [modloading-worker-0/DEBUG] [net.neoforged.fml.javafmlmod.AutomaticEventSubscriber/LOADING]: Scanning class com.blocklegend001.reinforcedobsidian.datagen.DataGenerator for @SubscribeEvent-annotated methods
[25dic2025 22:38:37.088] [modloading-worker-0/INFO] [net.neoforged.neoforge.common.NeoForgeMod/NEOFORGE-MOD]: NeoForge mod loading, version 21.11.13-beta, for MC 1.21.11
[25dic2025 22:38:37.090] [modloading-worker-0/DEBUG] [net.neoforged.fml.javafmlmod.AutomaticEventSubscriber/LOADING]: Subscribing method public static void com.blocklegend001.reinforcedobsidian.datagen.DataGenerator.gatherData(net.neoforged.neoforge.data.event.GatherDataEvent$Client) to the event bus of mod reinforcedobsidian
[25dic2025 22:38:37.119] [modloading-worker-0/DEBUG] [net.neoforged.fml.config.ConfigTracker/CONFIG]: Config file neoforge-server.toml for neoforge tracking
[25dic2025 22:38:37.123] [modloading-worker-0/DEBUG] [net.neoforged.fml.config.ConfigTracker/CONFIG]: Config file neoforge-common.toml for neoforge tracking
[25dic2025 22:38:37.204] [modloading-worker-0/DEBUG] [net.neoforged.fml.config.ConfigTracker/CONFIG]: Config file neoforge-client.toml for neoforge tracking
[25dic2025 22:38:37.228] [modloading-worker-0/DEBUG] [net.neoforged.fml.javafmlmod.AutomaticEventSubscriber/LOADING]: Attempting to inject @EventBusSubscriber classes into the eventbus for neoforge
[25dic2025 22:38:37.228] [modloading-worker-0/DEBUG] [net.neoforged.fml.javafmlmod.AutomaticEventSubscriber/LOADING]: Scanning class net.neoforged.neoforge.attachment.AttachmentInternals for @SubscribeEvent-annotated methods
[25dic2025 22:38:37.231] [modloading-worker-0/DEBUG] [net.neoforged.fml.javafmlmod.AutomaticEventSubscriber/LOADING]: Subscribing method public static void net.neoforged.neoforge.attachment.AttachmentInternals.onLivingConvert(net.neoforged.neoforge.event.entity.living.LivingConversionEvent$Post) to the game event bus
[25dic2025 22:38:37.233] [modloading-worker-0/DEBUG] [net.neoforged.fml.javafmlmod.AutomaticEventSubscriber/LOADING]: Subscribing method public static void net.neoforged.neoforge.attachment.AttachmentInternals.onPlayerClone(net.neoforged.neoforge.event.entity.player.PlayerEvent$Clone) to the game event bus
[25dic2025 22:38:37.234] [modloading-worker-0/DEBUG] [net.neoforged.fml.javafmlmod.AutomaticEventSubscriber/LOADING]: Scanning class net.neoforged.neoforge.attachment.AttachmentSync for @SubscribeEvent-annotated methods
[25dic2025 22:38:37.237] [modloading-worker-0/DEBUG] [net.neoforged.fml.javafmlmod.AutomaticEventSubscriber/LOADING]: Subscribing method public static void net.neoforged.neoforge.attachment.AttachmentSync.onChunkSent(net.neoforged.neoforge.event.level.ChunkWatchEvent$Sent) to the game event bus
[25dic2025 22:38:37.238] [modloading-worker-0/DEBUG] [net.neoforged.fml.javafmlmod.AutomaticEventSubscriber/LOADING]: Scanning class net.neoforged.neoforge.client.BlockEntityRenderBoundsDebugRenderer for @SubscribeEvent-annotated methods
[25dic2025 22:38:37.241] [modloading-worker-0/DEBUG] [net.neoforged.fml.javafmlmod.AutomaticEventSubscriber/LOADING]: Subscribing method public static void net.neoforged.neoforge.client.BlockEntityRenderBoundsDebugRenderer.onRegisterClientCommands(net.neoforged.neoforge.client.event.RegisterClientCommandsEvent) to the game event bus
[25dic2025 22:38:37.242] [modloading-worker-0/DEBUG] [net.neoforged.fml.javafmlmod.AutomaticEventSubscriber/LOADING]: Subscribing method public static void net.neoforged.neoforge.client.BlockEntityRenderBoundsDebugRenderer.onExtractLevelRenderState(net.neoforged.neoforge.client.event.ExtractLevelRenderStateEvent) to the game event bus
[25dic2025 22:38:37.242] [modloading-worker-0/DEBUG] [net.neoforged.fml.javafmlmod.AutomaticEventSubscriber/LOADING]: Subscribing method public static void net.neoforged.neoforge.client.BlockEntityRenderBoundsDebugRenderer.onRenderLevelStage(net.neoforged.neoforge.client.event.RenderLevelStageEvent$AfterEntities) to the game event bus
[25dic2025 22:38:37.242] [modloading-worker-0/DEBUG] [net.neoforged.fml.javafmlmod.AutomaticEventSubscriber/LOADING]: Scanning class net.neoforged.neoforge.client.NeoForgeRenderPipelines for @SubscribeEvent-annotated methods
[25dic2025 22:38:37.265] [modloading-worker-0/DEBUG] [net.neoforged.fml.javafmlmod.AutomaticEventSubscriber/LOADING]: Subscribing method static void net.neoforged.neoforge.client.NeoForgeRenderPipelines.registerPipelines(net.neoforged.neoforge.client.event.RegisterRenderPipelinesEvent) to the event bus of mod neoforge
[25dic2025 22:38:37.266] [modloading-worker-0/DEBUG] [net.neoforged.fml.javafmlmod.AutomaticEventSubscriber/LOADING]: Scanning class net.neoforged.neoforge.client.network.ClientPayloadHandler for @SubscribeEvent-annotated methods
[25dic2025 22:38:37.283] [modloading-worker-0/DEBUG] [net.neoforged.fml.javafmlmod.AutomaticEventSubscriber/LOADING]: Subscribing method private static void net.neoforged.neoforge.client.network.ClientPayloadHandler.register(net.neoforged.neoforge.client.network.event.RegisterClientPayloadHandlersEvent) to the event bus of mod neoforge
[25dic2025 22:38:37.283] [modloading-worker-0/DEBUG] [net.neoforged.fml.javafmlmod.AutomaticEventSubscriber/LOADING]: Scanning class net.neoforged.neoforge.common.MonsterRoomHooks for @SubscribeEvent-annotated methods
[25dic2025 22:38:37.284] [modloading-worker-0/DEBUG] [net.neoforged.fml.javafmlmod.AutomaticEventSubscriber/LOADING]: Subscribing method public static void net.neoforged.neoforge.common.MonsterRoomHooks.onDataMapsUpdated(net.neoforged.neoforge.registries.datamaps.DataMapsUpdatedEvent) to the game event bus
[25dic2025 22:38:37.285] [modloading-worker-0/DEBUG] [net.neoforged.fml.javafmlmod.AutomaticEventSubscriber/LOADING]: Scanning class net.neoforged.neoforge.model.data.ModelDataManager for @SubscribeEvent-annotated methods
[25dic2025 22:38:37.287] [modloading-worker-0/DEBUG] [net.neoforged.fml.javafmlmod.AutomaticEventSubscriber/LOADING]: Subscribing method public static void net.neoforged.neoforge.model.data.ModelDataManager.onChunkUnload(net.neoforged.neoforge.event.level.ChunkEvent$Unload) to the game event bus
[25dic2025 22:38:37.288] [modloading-worker-0/DEBUG] [net.neoforged.fml.javafmlmod.AutomaticEventSubscriber/LOADING]: Scanning class net.neoforged.neoforge.network.ConfigurationInitialization for @SubscribeEvent-annotated methods
[25dic2025 22:38:37.292] [modloading-worker-0/DEBUG] [net.neoforged.fml.javafmlmod.AutomaticEventSubscriber/LOADING]: Subscribing method private static void net.neoforged.neoforge.network.ConfigurationInitialization.configureModdedClient(net.neoforged.neoforge.network.event.RegisterConfigurationTasksEvent) to the event bus of mod neoforge
[25dic2025 22:38:37.293] [modloading-worker-0/DEBUG] [net.neoforged.fml.javafmlmod.AutomaticEventSubscriber/LOADING]: Scanning class net.neoforged.neoforge.network.NetworkInitialization for @SubscribeEvent-annotated methods
[25dic2025 22:38:37.294] [modloading-worker-0/DEBUG] [net.neoforged.fml.javafmlmod.AutomaticEventSubscriber/LOADING]: Subscribing method private static void net.neoforged.neoforge.network.NetworkInitialization.register(net.neoforged.neoforge.network.event.RegisterPayloadHandlersEvent) to the event bus of mod neoforge
[25dic2025 22:38:37.295] [modloading-worker-0/DEBUG] [net.neoforged.fml.javafmlmod.AutomaticEventSubscriber/LOADING]: Scanning class net.neoforged.neoforge.network.filters.GenericPacketSplitter for @SubscribeEvent-annotated methods
[25dic2025 22:38:37.318] [modloading-worker-0/DEBUG] [io.netty.util.internal.PlatformDependent0/]: Java version: 21
[25dic2025 22:38:37.319] [modloading-worker-0/DEBUG] [io.netty.util.internal.PlatformDependent0/]: -Dio.netty.noUnsafe: false
[25dic2025 22:38:37.320] [modloading-worker-0/DEBUG] [io.netty.util.internal.PlatformDependent0/]: sun.misc.Unsafe.theUnsafe: available
[25dic2025 22:38:37.320] [modloading-worker-0/DEBUG] [io.netty.util.internal.PlatformDependent0/]: sun.misc.Unsafe base methods: all available
[25dic2025 22:38:37.322] [modloading-worker-0/DEBUG] [io.netty.util.internal.PlatformDependent0/]: java.nio.Buffer.address: available
[25dic2025 22:38:37.323] [modloading-worker-0/DEBUG] [io.netty.util.internal.PlatformDependent0/]: java.nio.Bits.unaligned: available, true
[25dic2025 22:38:37.325] [modloading-worker-0/DEBUG] [io.netty.util.internal.PlatformDependent0/]: java.nio.DirectByteBuffer.<init>(long, {int,long}): unavailable
[25dic2025 22:38:37.325] [modloading-worker-0/DEBUG] [io.netty.util.internal.PlatformDependent/]: sun.misc.Unsafe: available
[25dic2025 22:38:37.325] [modloading-worker-0/DEBUG] [io.netty.util.internal.PlatformDependent/]: -Dio.netty.tmpdir: C:\Users\rosar\AppData\Local\Temp (java.io.tmpdir)
[25dic2025 22:38:37.325] [modloading-worker-0/DEBUG] [io.netty.util.internal.PlatformDependent/]: -Dio.netty.bitMode: 64 (sun.arch.data.model)
[25dic2025 22:38:37.326] [modloading-worker-0/DEBUG] [io.netty.util.internal.PlatformDependent/]: Platform: Windows
[25dic2025 22:38:37.326] [modloading-worker-0/DEBUG] [io.netty.util.internal.PlatformDependent/]: -Dio.netty.maxDirectMemory: -1 bytes
[25dic2025 22:38:37.327] [modloading-worker-0/DEBUG] [io.netty.util.internal.CleanerJava9/]: java.nio.ByteBuffer.cleaner(): available
[25dic2025 22:38:37.328] [modloading-worker-0/DEBUG] [io.netty.util.internal.PlatformDependent/]: -Dio.netty.noPreferDirect: false
[25dic2025 22:38:37.328] [modloading-worker-0/DEBUG] [io.netty.util.internal.PlatformDependent/]: -Dio.netty.jfr.enabled: true
[25dic2025 22:38:37.336] [modloading-worker-0/DEBUG] [io.netty.buffer.AbstractByteBuf/]: -Dio.netty.buffer.checkAccessible: true
[25dic2025 22:38:37.336] [modloading-worker-0/DEBUG] [io.netty.buffer.AbstractByteBuf/]: -Dio.netty.buffer.checkBounds: true
[25dic2025 22:38:37.337] [modloading-worker-0/DEBUG] [io.netty.util.ResourceLeakDetectorFactory/]: Loaded default ResourceLeakDetector: io.netty.util.ResourceLeakDetector@551ac9d9
[25dic2025 22:38:37.345] [modloading-worker-0/DEBUG] [io.netty.util.internal.InternalThreadLocalMap/]: -Dio.netty.threadLocalMap.stringBuilder.initialSize: 1024
[25dic2025 22:38:37.345] [modloading-worker-0/DEBUG] [io.netty.util.internal.InternalThreadLocalMap/]: -Dio.netty.threadLocalMap.stringBuilder.maxSize: 4096
[25dic2025 22:38:37.348] [modloading-worker-0/DEBUG] [io.netty.buffer.AdaptiveByteBufAllocator/]: -Dio.netty.allocator.useCachedMagazinesForNonEventLoopThreads: false
[25dic2025 22:38:37.362] [modloading-worker-0/DEBUG] [io.netty.util.Recycler/]: -Dio.netty.recycler.maxCapacityPerThread: 4096
[25dic2025 22:38:37.363] [modloading-worker-0/DEBUG] [io.netty.util.Recycler/]: -Dio.netty.recycler.ratio: 8
[25dic2025 22:38:37.363] [modloading-worker-0/DEBUG] [io.netty.util.Recycler/]: -Dio.netty.recycler.chunkSize: 32
[25dic2025 22:38:37.363] [modloading-worker-0/DEBUG] [io.netty.util.Recycler/]: -Dio.netty.recycler.blocking: false
[25dic2025 22:38:37.363] [modloading-worker-0/DEBUG] [io.netty.util.Recycler/]: -Dio.netty.recycler.batchFastThreadLocalOnly: true
[25dic2025 22:38:37.369] [modloading-worker-0/DEBUG] [io.netty.buffer.ByteBufUtil/]: -Dio.netty.allocator.type: adaptive
[25dic2025 22:38:37.369] [modloading-worker-0/DEBUG] [io.netty.buffer.ByteBufUtil/]: -Dio.netty.threadLocalDirectBufferSize: 0
[25dic2025 22:38:37.370] [modloading-worker-0/DEBUG] [io.netty.buffer.ByteBufUtil/]: -Dio.netty.maxThreadLocalCharBufferSize: 16384
[25dic2025 22:38:37.374] [modloading-worker-0/DEBUG] [net.neoforged.fml.javafmlmod.AutomaticEventSubscriber/LOADING]: Subscribing method private static void net.neoforged.neoforge.network.filters.GenericPacketSplitter.register(net.neoforged.neoforge.network.event.RegisterPayloadHandlersEvent) to the event bus of mod neoforge
[25dic2025 22:38:37.587] [modloading-sync-worker/DEBUG] [net.neoforged.fml.config.ConfigTracker/CONFIG]: Loading configs type CLIENT
[25dic2025 22:38:37.605] [modloading-sync-worker/DEBUG] [net.neoforged.neoforge.common.NeoForgeMod/FORGEMOD]: Loaded NeoForge config file neoforge-client.toml
[25dic2025 22:38:37.606] [modloading-sync-worker/DEBUG] [net.neoforged.fml.config.ConfigTracker/CONFIG]: Loaded TOML config file D:\Programmazione\Mod\Reinforced Obsidian\NEOFORGE\1.21.11\runs\client\config\neoforge-client.toml
[25dic2025 22:38:37.621] [modloading-sync-worker/DEBUG] [net.neoforged.fml.config.ConfigTracker/CONFIG]: Watching TOML config file D:\Programmazione\Mod\Reinforced Obsidian\NEOFORGE\1.21.11\runs\client\config\neoforge-client.toml for changes
[25dic2025 22:38:37.621] [modloading-sync-worker/DEBUG] [net.neoforged.fml.config.ConfigTracker/CONFIG]: Loading configs type COMMON
[25dic2025 22:38:37.623] [modloading-sync-worker/DEBUG] [net.neoforged.neoforge.common.NeoForgeMod/FORGEMOD]: Loaded NeoForge config file neoforge-common.toml
[25dic2025 22:38:37.624] [modloading-sync-worker/DEBUG] [net.neoforged.fml.config.ConfigTracker/CONFIG]: Loaded TOML config file D:\Programmazione\Mod\Reinforced Obsidian\NEOFORGE\1.21.11\runs\client\config\neoforge-common.toml
[25dic2025 22:38:37.625] [modloading-sync-worker/DEBUG] [net.neoforged.fml.config.ConfigTracker/CONFIG]: Watching TOML config file D:\Programmazione\Mod\Reinforced Obsidian\NEOFORGE\1.21.11\runs\client\config\neoforge-common.toml for changes
[25dic2025 22:38:37.626] [main/INFO] [net.minecraft.client.main.Main/]: Completely ignored arguments: [--userType, msa]
[25dic2025 22:38:37.836] [Render thread/INFO] [com.mojang.authlib.yggdrasil.YggdrasilAuthenticationService/]: Environment: Environment[sessionHost=https://sessionserver.mojang.com, servicesHost=https://api.minecraftservices.com, profilesHost=https://api.mojang.com, name=PROD]
[25dic2025 22:38:37.860] [Render thread/INFO] [net.minecraft.client.Minecraft/]: Setting user: Block_Legend001
[25dic2025 22:38:38.002] [Render thread/INFO] [net.minecraft.client.Minecraft/]: Backend library: LWJGL version 3.3.3+5
[25dic2025 22:38:38.144] [Render thread/INFO] [net.minecraft.client.Minecraft/]: Using optional rendering extensions: GL_ARB_buffer_storage, GL_KHR_debug, GL_ARB_vertex_attrib_binding, GL_ARB_direct_state_access, GL_EXT_texture_filter_anisotropic
[25dic2025 22:38:38.856] [Render thread/INFO] [net.minecraft.server.packs.resources.ReloadableResourceManager/]: Reloading ResourceManager: vanilla, mod_resources, mod/reinforcedobsidian, mod/neoforge
[25dic2025 22:38:39.101] [Render thread/DEBUG] [net.neoforged.fml.DeferredWorkQueue/LOADING]: Dispatching synchronous work for work queue Common setup: 1 jobs
[25dic2025 22:38:39.107] [Render thread/DEBUG] [net.neoforged.fml.DeferredWorkQueue/LOADING]: Synchronous work queue completed in 4.606 ms
[25dic2025 22:38:39.254] [resourceLoad/INFO] [net.minecraft.client.gui.font.providers.UnihexProvider/]: Found unifont_all_no_pua-17.0.01.hex, loading
[25dic2025 22:38:39.254] [resourceLoad/INFO] [net.minecraft.client.gui.font.providers.UnihexProvider/]: Found unifont_pua-17.0.01.hex, loading
[25dic2025 22:38:39.384] [resourceLoad/INFO] [net.minecraft.client.gui.font.providers.UnihexProvider/]: Found unifont_jp_patch-17.0.01.hex, loading
[25dic2025 22:38:40.977] [Render thread/INFO] [com.mojang.blaze3d.audio.Library/]: OpenAL initialized on device OpenAL Soft on Altoparlanti (Maonocaster G1 Neo)
[25dic2025 22:38:40.978] [Render thread/INFO] [net.minecraft.client.sounds.SoundEngine/SOUNDS]: Sound engine started
[25dic2025 22:38:40.979] [Render thread/INFO] [net.minecraft.client.renderer.texture.TextureAtlas/]: Created: 512x256x0 minecraft:textures/atlas/particles.png-atlas
[25dic2025 22:38:41.034] [Render thread/INFO] [net.minecraft.client.renderer.texture.TextureAtlas/]: Created: 128x128x0 minecraft:textures/atlas/decorated_pot.png-atlas
[25dic2025 22:38:41.040] [Render thread/INFO] [net.minecraft.client.renderer.texture.TextureAtlas/]: Created: 2048x1024x0 minecraft:textures/atlas/armor_trims.png-atlas
[25dic2025 22:38:41.150] [Render thread/INFO] [net.minecraft.client.renderer.texture.TextureAtlas/]: Created: 512x256x0 minecraft:textures/atlas/paintings.png-atlas
[25dic2025 22:38:41.162] [Render thread/INFO] [net.minecraft.client.renderer.texture.TextureAtlas/]: Created: 1024x512x0 minecraft:textures/atlas/shield_patterns.png-atlas
[25dic2025 22:38:41.174] [Render thread/INFO] [net.minecraft.client.renderer.texture.TextureAtlas/]: Created: 2048x2048x4 minecraft:textures/atlas/blocks.png-atlas
[25dic2025 22:38:41.503] [Render thread/INFO] [net.minecraft.client.renderer.texture.TextureAtlas/]: Created: 512x512x0 minecraft:textures/atlas/chest.png-atlas
[25dic2025 22:38:41.510] [Render thread/INFO] [net.minecraft.client.renderer.texture.TextureAtlas/]: Created: 256x128x0 minecraft:textures/atlas/celestials.png-atlas
[25dic2025 22:38:41.514] [Render thread/INFO] [net.minecraft.client.renderer.texture.TextureAtlas/]: Created: 1024x512x0 minecraft:textures/atlas/banner_patterns.png-atlas
[25dic2025 22:38:41.526] [Render thread/INFO] [net.minecraft.client.renderer.texture.TextureAtlas/]: Created: 512x512x0 minecraft:textures/atlas/beds.png-atlas
[25dic2025 22:38:41.531] [Render thread/INFO] [net.minecraft.client.renderer.texture.TextureAtlas/]: Created: 1024x512x0 minecraft:textures/atlas/items.png-atlas
[25dic2025 22:38:41.670] [Render thread/INFO] [net.minecraft.client.renderer.texture.TextureAtlas/]: Created: 1024x1024x0 minecraft:textures/atlas/gui.png-atlas
[25dic2025 22:38:41.779] [Render thread/INFO] [net.minecraft.client.renderer.texture.TextureAtlas/]: Created: 128x64x0 minecraft:textures/atlas/map_decorations.png-atlas
[25dic2025 22:38:41.788] [Render thread/INFO] [net.minecraft.client.renderer.texture.TextureAtlas/]: Created: 512x256x0 minecraft:textures/atlas/signs.png-atlas
[25dic2025 22:38:41.801] [Render thread/INFO] [net.minecraft.client.renderer.texture.TextureAtlas/]: Created: 512x512x0 minecraft:textures/atlas/shulker_boxes.png-atlas
[25dic2025 22:38:41.919] [Render thread/INFO] [net.neoforged.neoforge.client.entity.animation.json.AnimationLoader/]: Loaded 0 entity animations
[25dic2025 22:38:42.062] [Render thread/DEBUG] [net.neoforged.fml.classloading.transformation.ClassTransformStatistics/]: Transformed/total loaded classes: 380/7136 (5,33%) and 5 parsed for mixin
[25dic2025 22:38:46.141] [Render thread/WARN] [net.neoforged.neoforge.common.CommonHooks/WP]: The following mods have version differences that were not resolved:
architectury (version 15.0.1 -> MISSING)
cloth_config (version 17.0.144 -> MISSING)
neoforge (version 21.4.38-beta -> 21.11.13-beta)
reinforcedobsidian (version 1.21.4-0.1 -> 1.21.11-0.1)
roughlyenoughitems (version 18.0.796 -> MISSING)
Things may not work well.
[25dic2025 22:38:47.206] [Render thread/INFO] [net.minecraft.world.item.crafting.RecipeManager/]: Loaded 1471 recipes
[25dic2025 22:38:47.215] [Render thread/INFO] [net.minecraft.advancements.AdvancementTree/]: Loaded 1585 advancements
[25dic2025 22:38:47.217] [Render thread/INFO] [net.neoforged.neoforge.common.crafting.RecipePriorityManager/]: Loaded 0 recipe priority overrides
[25dic2025 22:38:47.371] [Render thread/DEBUG] [net.neoforged.neoforge.common.CommonHooks/WP]: Gathered mod list to write to world save New World
[25dic2025 22:38:47.430] [Server thread/INFO] [net.minecraft.client.server.IntegratedServer/]: Starting integrated minecraft server version 1.21.11
[25dic2025 22:38:47.430] [Server thread/INFO] [net.minecraft.server.MinecraftServer/]: Generating keypair
[25dic2025 22:38:47.517] [Server thread/DEBUG] [net.neoforged.fml.config.ConfigTracker/CONFIG]: Loading configs type SERVER
[25dic2025 22:38:47.519] [Server thread/DEBUG] [net.neoforged.neoforge.common.NeoForgeMod/FORGEMOD]: Loaded NeoForge config file neoforge-server.toml
[25dic2025 22:38:47.519] [Server thread/DEBUG] [net.neoforged.fml.config.ConfigTracker/CONFIG]: Loaded TOML config file D:\Programmazione\Mod\Reinforced Obsidian\NEOFORGE\1.21.11\runs\client\config\neoforge-server.toml
[25dic2025 22:38:47.519] [Server thread/DEBUG] [net.neoforged.fml.config.ConfigTracker/CONFIG]: Watching TOML config file D:\Programmazione\Mod\Reinforced Obsidian\NEOFORGE\1.21.11\runs\client\config\neoforge-server.toml for changes
[25dic2025 22:38:47.975] [Server thread/INFO] [net.minecraft.server.level.progress.LoggingLevelLoadListener/]: Selecting global world spawn...
[25dic2025 22:38:48.720] [Server thread/INFO] [net.minecraft.server.level.progress.LoggingLevelLoadListener/]: Loading 0 persistent chunks...
[25dic2025 22:38:48.721] [Server thread/INFO] [net.minecraft.server.level.progress.LoggingLevelLoadListener/]: Preparing spawn area: 16%
[25dic2025 22:38:48.724] [Server thread/INFO] [net.neoforged.neoforge.server.permission.PermissionAPI/]: Successfully initialized permission handler neoforge:default_handler
[25dic2025 22:38:48.800] [Render thread/DEBUG] [io.netty.channel.MultithreadEventLoopGroup/]: -Dio.netty.eventLoopThreads: 32
[25dic2025 22:38:48.806] [Render thread/DEBUG] [io.netty.util.concurrent.GlobalEventExecutor/]: -Dio.netty.globalEventExecutor.quietPeriodSeconds: 1
[25dic2025 22:38:48.816] [Render thread/DEBUG] [io.netty.util.internal.PlatformDependent/]: org.jctools-core.MpscChunkedArrayQueue: available
[25dic2025 22:38:48.822] [Render thread/DEBUG] [io.netty.channel.DefaultChannelId/]: -Dio.netty.processId: 3684 (auto-detected)
[25dic2025 22:38:48.823] [Render thread/DEBUG] [io.netty.util.NetUtil/]: -Djava.net.preferIPv4Stack: false
[25dic2025 22:38:48.823] [Render thread/DEBUG] [io.netty.util.NetUtil/]: -Djava.net.preferIPv6Addresses: system
[25dic2025 22:38:48.825] [Render thread/DEBUG] [io.netty.util.NetUtilInitializations/]: Loopback interface: loopback_0 (Software Loopback Interface 1, 0:0:0:0:0:0:0:1)
[25dic2025 22:38:48.826] [Render thread/DEBUG] [io.netty.util.NetUtil/]: Failed to get SOMAXCONN from sysctl and file \proc\sys\net\core\somaxconn. Default: 200
[25dic2025 22:38:48.826] [Render thread/DEBUG] [io.netty.channel.DefaultChannelId/]: -Dio.netty.machineId: 34:5a:60:ff:fe:27:db:0f (auto-detected)
[25dic2025 22:38:48.834] [Render thread/DEBUG] [io.netty.bootstrap.ChannelInitializerExtensions/]: -Dio.netty.bootstrap.extensions: null
[25dic2025 22:38:49.026] [Netty Local IO #1/DEBUG] [net.neoforged.neoforge.network.filters.NetworkFilters/]: Injected net.neoforged.neoforge.network.filters.GenericPacketSplitter@223689d0 into net.minecraft.network.Connection@5cb1dd70
[25dic2025 22:38:49.029] [Netty Local IO #0/DEBUG] [net.neoforged.neoforge.network.filters.NetworkFilters/]: Injected net.neoforged.neoforge.network.filters.GenericPacketSplitter@95947d1 into net.minecraft.network.Connection@49f6ed9f
[25dic2025 22:38:49.233] [Server thread/INFO] [net.minecraft.server.level.progress.LoggingLevelLoadListener/]: Loading 47 chunks for player spawn...
[25dic2025 22:38:49.233] [Server thread/INFO] [net.minecraft.server.level.progress.LoggingLevelLoadListener/]: Preparing spawn area: 16%
[25dic2025 22:38:49.277] [Server thread/INFO] [net.minecraft.server.level.progress.LoggingLevelLoadListener/]: Preparing spawn area: 16%
[25dic2025 22:38:49.477] [Server thread/INFO] [net.minecraft.server.level.progress.LoggingLevelLoadListener/]: Preparing spawn area: 43%
[25dic2025 22:38:49.977] [Server thread/INFO] [net.minecraft.server.level.progress.LoggingLevelLoadListener/]: Preparing spawn area: 43%
[25dic2025 22:38:50.477] [Server thread/INFO] [net.minecraft.server.level.progress.LoggingLevelLoadListener/]: Preparing spawn area: 52%
[25dic2025 22:38:50.977] [Server thread/INFO] [net.minecraft.server.level.progress.LoggingLevelLoadListener/]: Preparing spawn area: 52%
[25dic2025 22:38:51.477] [Server thread/INFO] [net.minecraft.server.level.progress.LoggingLevelLoadListener/]: Preparing spawn area: 61%
[25dic2025 22:38:51.977] [Server thread/INFO] [net.minecraft.server.level.progress.LoggingLevelLoadListener/]: Preparing spawn area: 66%
[25dic2025 22:38:52.227] [Server thread/INFO] [net.minecraft.server.level.progress.LoggingLevelLoadListener/]: Time elapsed: 4252 ms
[25dic2025 22:38:52.478] [Netty Local IO #1/DEBUG] [net.neoforged.neoforge.network.filters.NetworkFilters/]: Injected net.neoforged.neoforge.network.filters.GenericPacketSplitter@168a6ed1 into net.minecraft.network.Connection@5cb1dd70
[25dic2025 22:38:52.522] [Server thread/INFO] [net.minecraft.server.players.PlayerList/]: Block_Legend001[local:E:344ee57f] logged in with entity id 1 at (-333.5, 64.0, -21.5)
[25dic2025 22:38:52.537] [Server thread/DEBUG] [net.neoforged.neoforge.common.CommonHooks/]: Sending 0 recipes of the following types: []
[25dic2025 22:38:52.579] [Server thread/INFO] [net.minecraft.server.MinecraftServer/]: Block_Legend001 joined the game
[25dic2025 22:38:52.780] [Server thread/INFO] [net.minecraft.client.server.IntegratedServer/]: Changing view distance to 12, from 10
[25dic2025 22:38:52.781] [Server thread/INFO] [net.minecraft.client.server.IntegratedServer/]: Changing simulation distance to 12, from 0
[25dic2025 22:38:52.813] [Render thread/INFO] [net.minecraft.client.renderer.DynamicUniformStorage/]: Resizing Dynamic Transforms UBO, capacity limit of 2 reached during a single frame. New capacity will be 4.
[25dic2025 22:38:52.876] [Render thread/INFO] [net.minecraft.advancements.AdvancementTree/]: Loaded 2 advancements
[25dic2025 22:38:53.011] [Render thread/INFO] [net.minecraft.client.renderer.DynamicUniformStorage/]: Resizing Dynamic Transforms UBO, capacity limit of 4 reached during a single frame. New capacity will be 8.
[25dic2025 22:38:53.670] [Render thread/INFO] [net.minecraft.client.renderer.DynamicUniformStorage/]: Resizing Chunk Sections UBO, capacity limit of 2 reached during a single frame. New capacity will be 8.
[25dic2025 22:38:53.727] [Server thread/INFO] [net.minecraft.client.server.IntegratedServer/]: Saving and pausing game...
[25dic2025 22:38:53.808] [Render thread/INFO] [net.minecraft.client.renderer.DynamicUniformStorage/]: Resizing Chunk Sections UBO, capacity limit of 8 reached during a single frame. New capacity will be 16.
[25dic2025 22:38:53.869] [Server thread/INFO] [net.minecraft.server.MinecraftServer/]: Saving chunks for level 'ServerLevel[New World]'/minecraft:overworld
[25dic2025 22:38:53.942] [Server thread/INFO] [net.minecraft.server.MinecraftServer/]: Saving chunks for level 'ServerLevel[New World]'/minecraft:the_end
[25dic2025 22:38:53.943] [Server thread/INFO] [net.minecraft.server.MinecraftServer/]: Saving chunks for level 'ServerLevel[New World]'/minecraft:the_nether
[25dic2025 22:38:53.947] [Server thread/DEBUG] [net.neoforged.neoforge.common.CommonHooks/WP]: Gathered mod list to write to world save New World
[25dic2025 22:39:03.015] [Server thread/INFO] [net.minecraft.server.network.ServerGamePacketListenerImpl/]: Block_Legend001 lost connection: Disconnected
[25dic2025 22:39:03.016] [Server thread/INFO] [net.minecraft.server.MinecraftServer/]: Block_Legend001 left the game
[25dic2025 22:39:03.040] [Server thread/INFO] [net.minecraft.server.network.ServerCommonPacketListenerImpl/]: Stopping singleplayer server as player logged out
[25dic2025 22:39:03.063] [Server thread/INFO] [net.minecraft.server.MinecraftServer/]: Stopping server
[25dic2025 22:39:03.063] [Server thread/INFO] [net.minecraft.server.MinecraftServer/]: Saving players
[25dic2025 22:39:03.063] [Server thread/INFO] [net.minecraft.server.MinecraftServer/]: Saving worlds
[25dic2025 22:39:04.956] [Server thread/INFO] [net.minecraft.server.MinecraftServer/]: Saving chunks for level 'ServerLevel[New World]'/minecraft:overworld
[25dic2025 22:39:06.344] [Server thread/INFO] [net.minecraft.server.MinecraftServer/]: Saving chunks for level 'ServerLevel[New World]'/minecraft:the_end
[25dic2025 22:39:06.350] [Server thread/INFO] [net.minecraft.server.MinecraftServer/]: Saving chunks for level 'ServerLevel[New World]'/minecraft:the_nether
[25dic2025 22:39:06.355] [Server thread/DEBUG] [net.neoforged.neoforge.common.CommonHooks/WP]: Gathered mod list to write to world save New World
[25dic2025 22:39:06.362] [Server thread/INFO] [net.minecraft.server.MinecraftServer/]: ThreadedAnvilChunkStorage (New World): All chunks are saved
[25dic2025 22:39:06.362] [Server thread/INFO] [net.minecraft.server.MinecraftServer/]: ThreadedAnvilChunkStorage (DIM1): All chunks are saved
[25dic2025 22:39:06.362] [Server thread/INFO] [net.minecraft.server.MinecraftServer/]: ThreadedAnvilChunkStorage (DIM-1): All chunks are saved
[25dic2025 22:39:06.362] [Server thread/INFO] [net.minecraft.server.MinecraftServer/]: ThreadedAnvilChunkStorage: All dimensions are saved
[25dic2025 22:39:06.404] [Server thread/DEBUG] [net.neoforged.fml.config.ConfigTracker/CONFIG]: Unloading configs type SERVER
