[14:09:31] [main/INFO]: ModLauncher running: args [--launchTarget, neoforgeclientdev, --version, 21.4.38-beta, --assetIndex, asset-index, --assetsDir, C:\Users\rosar\.gradle\caches\minecraft\assets, --gameDir, ., --fml.fmlVersion, 6.0.4, --fml.mcVersion, 1.21.4, --fml.neoForgeVersion, 21.4.38-beta, --fml.neoFormVersion, 20241203.161809]
[14:09:31] [main/INFO]: JVM identified as Amazon.com Inc. OpenJDK 64-Bit Server VM 21.0.5+11-LTS
[14:09:31] [main/INFO]: ModLauncher 11.0.4+main.d2e20e43 starting: java version 21.0.5 by Amazon.com Inc.; OS Windows 11 arch amd64 version 10.0
[14:09:31] [main/INFO]: Loading ImmediateWindowProvider fmlearlywindow
[14:09:31] [main/INFO]: Trying GL version 4.6
[14:09:31] [main/INFO]: Requested GL version 4.6 got version 4.6
[14:09:31] [main/INFO]: SpongePowered MIXIN Subsystem Version=0.8.7 Source=union:/C:/Users/rosar/.gradle/caches/modules-2/files-2.1/net.fabricmc/sponge-mixin/0.15.2+mixin.0.8.7/2af2f021d8e02a0220dc27a7a72b4666d66d44ca/sponge-mixin-0.15.2+mixin.0.8.7.jar%23166!/ Service=ModLauncher Env=CLIENT
[14:09:32] [main/INFO]: Found mod file "neoforge-21.4.38-beta.jar" [locator: neoforge devenv provider ([D:\Programmazione\Mod\Reinforced Obsidian\NEOFORGE\1.21.4\.gradle\repositories\ng_dummy_ng\net\neoforged\neoforge\21.4.38-beta\neoforge-21.4.38-beta.jar])]
[14:09:32] [pool-2-thread-1/INFO]: GL info: NVIDIA GeForce GTX 1650/PCIe/SSE2 GL version 4.6.0 NVIDIA 566.14, NVIDIA Corporation
[14:09:32] [main/INFO]: Found mod file "neoforge-21.4.38-beta.jar" [locator: neoforge devenv provider ([D:\Programmazione\Mod\Reinforced Obsidian\NEOFORGE\1.21.4\.gradle\repositories\ng_dummy_ng\net\neoforged\neoforge\21.4.38-beta\neoforge-21.4.38-beta.jar])]
[14:09:32] [main/INFO]: Found mod file "main" [locator: userdev mods and services, reader: mod manifest]
[14:09:32] [main/INFO]: Found mod file "neoforge-21.4.38-beta.jar" [locator: userdev mods and services, reader: mod manifest]
[14:09:32] [main/INFO]: Found mod file "RoughlyEnoughItems-neoforge-18.0.796.jar" [locator: userdev mods and services, reader: mod manifest]
[14:09:32] [main/INFO]: Found mod file "cloth-config-neoforge-17.0.144-neoforge.jar" [locator: userdev mods and services, reader: mod manifest]
[14:09:32] [main/INFO]: Found mod file "architectury-neoforge-15.0.1.jar" [locator: userdev mods and services, reader: mod manifest]
[14:09:32] [main/INFO]: Found gamelibrary file "mixinextras-neoforge-0.4.1.jar" [locator: userdev mods and services, reader: mod manifest]
[14:09:32] [main/WARN]: Attempted to select a dependency jar for JarJar which was passed in as source: library:mixinextras.neoforge. Using Mod File: C:\Users\rosar\.gradle\caches\modules-2\files-2.1\io.github.llamalad7\mixinextras-neoforge\0.4.1\eff97772ecd0dcf8e52cdbafd3b3ccec425f8314\mixinextras-neoforge-0.4.1.jar
[14:09:32] [main/INFO]: Found 1 dependencies adding them to mods collection
[14:09:32] [main/INFO]: Found library file "net.neoforged.neoforge-coremods-21.4.38-beta.jar" [parent: neoforge-21.4.38-beta.jar, locator: jarinjar, reader: mod manifest]
[14:09:32] [main/INFO]: 
     Mod List:
		Name Version (Mod Id)

		Architectury 15.0.1 (architectury)
		Cloth Config v17 API 17.0.144 (cloth_config)
		Minecraft 1.21.4 (minecraft)
		NeoForge 21.4.38-beta (neoforge)
		ReinforcedObsidian 1.21.4-0.1 (reinforcedobsidian)
		Roughly Enough Items (REI) 18.0.796 (roughlyenoughitems)
[14:09:33] [main/INFO]: Launching target 'neoforgeclientdev' with arguments [--version, 21.4.38-beta, --gameDir, ., --assetsDir, C:\Users\rosar\.gradle\caches\minecraft\assets, --assetIndex, asset-index]
[04gen2025 14:09:35.985] [pool-9-thread-1/INFO] [MixinExtras|Service/]: Initializing MixinExtras via com.llamalad7.mixinextras.service.MixinExtrasServiceImpl(version=0.4.1).
[04gen2025 14:09:36.005] [Datafixer Bootstrap/INFO] [com.mojang.datafixers.DataFixerBuilder/]: 246 Datafixer optimizations took 914 milliseconds
[04gen2025 14:09:41.964] [main/WARN] [net.minecraft.commands.Commands/]: Ambiguity between arguments [teleport, location] and [teleport, destination] with inputs: [0.1 -0.5 .9, 0 0 0]
[04gen2025 14:09:41.966] [main/WARN] [net.minecraft.commands.Commands/]: Ambiguity between arguments [teleport, location] and [teleport, targets] with inputs: [0.1 -0.5 .9, 0 0 0]
[04gen2025 14:09:41.970] [main/WARN] [net.minecraft.commands.Commands/]: Ambiguity between arguments [teleport, destination] and [teleport, targets] with inputs: [Player, 0123, @e, dd12be42-52a9-4a91-a8a1-11c01849e498]
[04gen2025 14:09:41.973] [main/WARN] [net.minecraft.commands.Commands/]: Ambiguity between arguments [teleport, targets] and [teleport, destination] with inputs: [Player, 0123, dd12be42-52a9-4a91-a8a1-11c01849e498]
[04gen2025 14:09:41.975] [main/WARN] [net.minecraft.commands.Commands/]: Ambiguity between arguments [teleport, targets, location] and [teleport, targets, destination] with inputs: [0.1 -0.5 .9, 0 0 0]
[04gen2025 14:09:42.283] [Render thread/WARN] [net.minecraft.server.packs.VanillaPackResourcesBuilder/]: Assets URL 'union:/D:/Programmazione/Mod/Reinforced%20Obsidian/NEOFORGE/1.21.4/.gradle/repositories/ng_dummy_ng/net/neoforged/neoforge/21.4.38-beta/neoforge-21.4.38-beta.jar%23221!/assets/.mcassetsroot' uses unexpected schema
[04gen2025 14:09:42.284] [Render thread/WARN] [net.minecraft.server.packs.VanillaPackResourcesBuilder/]: Assets URL 'union:/D:/Programmazione/Mod/Reinforced%20Obsidian/NEOFORGE/1.21.4/.gradle/repositories/ng_dummy_ng/net/neoforged/neoforge/21.4.38-beta/neoforge-21.4.38-beta.jar%23221!/data/.mcassetsroot' uses unexpected schema
[04gen2025 14:09:42.338] [Render thread/INFO] [com.mojang.authlib.yggdrasil.YggdrasilAuthenticationService/]: Environment: Environment[sessionHost=https://sessionserver.mojang.com, servicesHost=https://api.minecraftservices.com, name=PROD]
[04gen2025 14:09:42.365] [Render thread/INFO] [net.minecraft.client.Minecraft/]: Setting user: Dev
[04gen2025 14:09:42.501] [Render thread/INFO] [net.minecraft.client.Minecraft/]: Backend library: LWJGL version 3.3.3+5
[04gen2025 14:09:42.950] [modloading-worker-0/INFO] [net.neoforged.neoforge.common.NeoForgeMod/NEOFORGE-MOD]: NeoForge mod loading, version 21.4.38-beta, for MC 1.21.4
[04gen2025 14:09:43.231] [modloading-worker-0/INFO] [REI/]: [REI] Config loaded
[04gen2025 14:09:43.332] [modloading-worker-0/INFO] [REI/]: [REI] Registered plugin provider DefaultPluginImpl [roughlyenoughitems] for REICommonPlugin
[04gen2025 14:09:43.334] [modloading-worker-0/INFO] [REI/]: [REI] Registered plugin provider DefaultRuntimePlugin [roughlyenoughitems] for REICommonPlugin
[04gen2025 14:09:43.368] [modloading-worker-0/INFO] [REI/]: [REI] Registered plugin provider DefaultClientPluginImpl [roughlyenoughitems] for REIClientPlugin
[04gen2025 14:09:43.386] [modloading-worker-0/INFO] [REI/]: [REI] Registered plugin provider DefaultClientRuntimePlugin [roughlyenoughitems] for REIClientPlugin
[04gen2025 14:09:43.391] [modloading-worker-0/INFO] [REI/]: [REI] Registered plugin provider HideIngredientsFromTagsPlugin [roughlyenoughitems] for REIClientPlugin
[04gen2025 14:09:44.395] [Render thread/INFO] [net.neoforged.neoforge.gametest.GameTestHooks/]: Enabled Gametest Namespaces: []
[04gen2025 14:09:44.548] [Render thread/INFO] [net.minecraft.server.packs.resources.ReloadableResourceManager/]: Reloading ResourceManager: vanilla, mod_resources, mod/reinforcedobsidian, mod/roughlyenoughitems, mod/cloth_config, mod/architectury, mod/neoforge
[04gen2025 14:09:44.872] [resourceLoad/INFO] [net.minecraft.client.gui.font.providers.UnihexProvider/]: Found unifont_all_no_pua-16.0.01.hex, loading
[04gen2025 14:09:45.859] [resourceLoad/INFO] [net.minecraft.client.gui.font.providers.UnihexProvider/]: Found unifont_jp_patch-16.0.01.hex, loading
[04gen2025 14:09:47.058] [Render thread/INFO] [com.mojang.blaze3d.audio.Library/]: OpenAL initialized on device OpenAL Soft on Altoparlanti (HyperX Cloud II Wireless)
[04gen2025 14:09:47.061] [Render thread/INFO] [net.minecraft.client.sounds.SoundEngine/SOUNDS]: Sound engine started
[04gen2025 14:09:47.278] [Render thread/INFO] [net.minecraft.client.renderer.texture.TextureAtlas/]: Created: 1024x512x4 minecraft:textures/atlas/blocks.png-atlas
[04gen2025 14:09:47.287] [Render thread/INFO] [net.minecraft.client.renderer.texture.TextureAtlas/]: Created: 256x256x4 minecraft:textures/atlas/signs.png-atlas
[04gen2025 14:09:47.287] [Render thread/INFO] [net.minecraft.client.renderer.texture.TextureAtlas/]: Created: 512x512x4 minecraft:textures/atlas/shield_patterns.png-atlas
[04gen2025 14:09:47.287] [Render thread/INFO] [net.minecraft.client.renderer.texture.TextureAtlas/]: Created: 512x512x4 minecraft:textures/atlas/banner_patterns.png-atlas
[04gen2025 14:09:47.289] [Render thread/INFO] [net.minecraft.client.renderer.texture.TextureAtlas/]: Created: 2048x1024x4 minecraft:textures/atlas/armor_trims.png-atlas
[04gen2025 14:09:47.292] [Render thread/INFO] [net.minecraft.client.renderer.texture.TextureAtlas/]: Created: 256x256x4 minecraft:textures/atlas/chest.png-atlas
[04gen2025 14:09:47.294] [Render thread/INFO] [net.minecraft.client.renderer.texture.TextureAtlas/]: Created: 128x64x4 minecraft:textures/atlas/decorated_pot.png-atlas
[04gen2025 14:09:47.294] [Render thread/INFO] [net.minecraft.client.renderer.texture.TextureAtlas/]: Created: 512x256x4 minecraft:textures/atlas/beds.png-atlas
[04gen2025 14:09:47.294] [Render thread/INFO] [net.minecraft.client.renderer.texture.TextureAtlas/]: Created: 512x256x4 minecraft:textures/atlas/shulker_boxes.png-atlas
[04gen2025 14:09:47.296] [Render thread/INFO] [net.minecraft.client.renderer.texture.TextureAtlas/]: Created: 64x64x0 minecraft:textures/atlas/map_decorations.png-atlas
[04gen2025 14:09:47.477] [Render thread/INFO] [net.minecraft.client.renderer.texture.TextureAtlas/]: Created: 512x256x0 minecraft:textures/atlas/particles.png-atlas
[04gen2025 14:09:47.477] [Render thread/INFO] [net.minecraft.client.renderer.texture.TextureAtlas/]: Created: 512x256x0 minecraft:textures/atlas/paintings.png-atlas
[04gen2025 14:09:47.478] [Render thread/INFO] [net.minecraft.client.renderer.texture.TextureAtlas/]: Created: 256x128x0 minecraft:textures/atlas/mob_effects.png-atlas
[04gen2025 14:09:47.478] [Render thread/INFO] [net.minecraft.client.renderer.texture.TextureAtlas/]: Created: 1024x1024x0 minecraft:textures/atlas/gui.png-atlas
[04gen2025 14:09:47.484] [Render thread/INFO] [net.neoforged.neoforge.client.entity.animation.json.AnimationLoader/]: Loaded 0 entity animations
[04gen2025 14:09:57.074] [Render thread/INFO] [net.minecraft.world.item.crafting.RecipeManager/]: Loaded 1371 recipes
[04gen2025 14:09:57.088] [Render thread/INFO] [net.minecraft.advancements.AdvancementTree/]: Loaded 1482 advancements
[04gen2025 14:09:59.081] [Server thread/INFO] [net.minecraft.client.server.IntegratedServer/]: Starting integrated minecraft server version 1.21.4
[04gen2025 14:09:59.081] [Server thread/INFO] [net.minecraft.server.MinecraftServer/]: Generating keypair
[04gen2025 14:10:03.089] [Server thread/INFO] [net.minecraft.server.MinecraftServer/]: Preparing start region for dimension minecraft:overworld
[04gen2025 14:10:03.142] [progressListener/INFO] [net.minecraft.server.level.progress.LoggerChunkProgressListener/]: Preparing spawn area: 2%
[04gen2025 14:10:03.634] [progressListener/INFO] [net.minecraft.server.level.progress.LoggerChunkProgressListener/]: Preparing spawn area: 2%
[04gen2025 14:10:04.125] [progressListener/INFO] [net.minecraft.server.level.progress.LoggerChunkProgressListener/]: Preparing spawn area: 2%
[04gen2025 14:10:04.597] [progressListener/INFO] [net.minecraft.server.level.progress.LoggerChunkProgressListener/]: Preparing spawn area: 18%
[04gen2025 14:10:05.098] [progressListener/INFO] [net.minecraft.server.level.progress.LoggerChunkProgressListener/]: Preparing spawn area: 18%
[04gen2025 14:10:05.594] [progressListener/INFO] [net.minecraft.server.level.progress.LoggerChunkProgressListener/]: Preparing spawn area: 18%
[04gen2025 14:10:06.155] [progressListener/INFO] [net.minecraft.server.level.progress.LoggerChunkProgressListener/]: Preparing spawn area: 51%
[04gen2025 14:10:06.597] [progressListener/INFO] [net.minecraft.server.level.progress.LoggerChunkProgressListener/]: Preparing spawn area: 51%
[04gen2025 14:10:07.101] [progressListener/INFO] [net.minecraft.server.level.progress.LoggerChunkProgressListener/]: Preparing spawn area: 51%
[04gen2025 14:10:07.423] [progressListener/INFO] [net.minecraft.server.level.progress.LoggerChunkProgressListener/]: Time elapsed: 4332 ms
[04gen2025 14:10:07.426] [Server thread/INFO] [net.neoforged.neoforge.server.permission.PermissionAPI/]: Successfully initialized permission handler neoforge:default_handler
[04gen2025 14:10:07.478] [Server thread/INFO] [net.minecraft.client.server.IntegratedServer/]: Changing view distance to 12, from 10
[04gen2025 14:10:07.478] [Server thread/INFO] [net.minecraft.client.server.IntegratedServer/]: Changing simulation distance to 12, from 0
[04gen2025 14:10:08.335] [Server thread/INFO] [net.minecraft.server.players.PlayerList/]: Dev[local:E:bba3e426] logged in with entity id 15 at (-329.5, 64.0, -19.5)
[04gen2025 14:10:09.415] [Server thread/INFO] [net.minecraft.server.MinecraftServer/]: Dev joined the game
[04gen2025 14:10:12.153] [Render thread/WARN] [REI/]: [REI] Found 1 existing reload task(s) after trying to terminate them!
[04gen2025 14:10:12.167] [Render thread/INFO] [net.minecraft.advancements.AdvancementTree/]: Loaded 2 advancements
[04gen2025 14:10:12.176] [REI-ReloadPlugins/INFO] [REI/]: [REI] %%%%%%%%%%%%%%%%%%%%%%%%%%%%%%%%%%%%%%%%
[04gen2025 14:10:12.176] [REI-ReloadPlugins/INFO] [REI/]: [REI] REICommonPlugin starting main-reload for START.
[04gen2025 14:10:12.177] [REI-ReloadPlugins/INFO] [REI/]: [REI] Plugins (2):
[04gen2025 14:10:12.177] [REI-ReloadPlugins/INFO] [REI/]: [REI]  - (-100,00) DefaultPluginImpl of DefaultPluginImpl [roughlyenoughitems]
[04gen2025 14:10:12.177] [REI-ReloadPlugins/INFO] [REI/]: [REI]  - (0,00) DefaultRuntimePlugin of DefaultRuntimePlugin [roughlyenoughitems]
[04gen2025 14:10:12.177] [REI-ReloadPlugins/INFO] [REI/]: [REI] %%%%%%%%%%%%%%%%%%%%%%%%%%%%%%%%%%%%%%%%
[04gen2025 14:10:12.277] [REI-ReloadPlugins/INFO] [REI/]: [REI] ++++++++++++++++++++++++++++++++++++++++
[04gen2025 14:10:12.277] [REI-ReloadPlugins/INFO] [REI/]: [REI] REIClientPlugin starting main-reload for START.
[04gen2025 14:10:12.278] [REI-ReloadPlugins/INFO] [REI/]: [REI] Plugins (3):
[04gen2025 14:10:12.278] [REI-ReloadPlugins/INFO] [REI/]: [REI]  - (-100,00) DefaultClientPluginImpl of DefaultClientPluginImpl [roughlyenoughitems]
[04gen2025 14:10:12.278] [REI-ReloadPlugins/INFO] [REI/]: [REI]  - (0,00) HideIngredientsFromTagsPlugin of HideIngredientsFromTagsPlugin [roughlyenoughitems]
[04gen2025 14:10:12.278] [REI-ReloadPlugins/INFO] [REI/]: [REI]  - (0,00) DefaultClientRuntimePlugin of DefaultClientRuntimePlugin [roughlyenoughitems]
[04gen2025 14:10:12.278] [REI-ReloadPlugins/INFO] [REI/]: [REI] ++++++++++++++++++++++++++++++++++++++++
[04gen2025 14:10:12.781] [REI-ReloadPlugins/INFO] [REI/]: [REI] REICommonPlugin finished post-reload for START in 1.398 ms, totaling 116.0 ms.
[04gen2025 14:10:12.791] [REI-ReloadPlugins/INFO] [REI/]: [REI] REIClientPlugin finished post-reload for START in 1.313 ms, totaling 505.3 ms.
[04gen2025 14:10:12.796] [REI-ReloadPlugins/INFO] [REI/]: [REI] ****************************************
[04gen2025 14:10:12.796] [REI-ReloadPlugins/INFO] [REI/]: [REI] REICommonPlugin starting main-reload for END.
[04gen2025 14:10:12.797] [REI-ReloadPlugins/INFO] [REI/]: [REI] Plugins (2):
[04gen2025 14:10:12.797] [REI-ReloadPlugins/INFO] [REI/]: [REI]  - (-100,00) DefaultPluginImpl of DefaultPluginImpl [roughlyenoughitems]
[04gen2025 14:10:12.797] [REI-ReloadPlugins/INFO] [REI/]: [REI]  - (0,00) DefaultRuntimePlugin of DefaultRuntimePlugin [roughlyenoughitems]
[04gen2025 14:10:12.797] [REI-ReloadPlugins/INFO] [REI/]: [REI] ****************************************
[04gen2025 14:10:12.878] [REI-ReloadPlugins/INFO] [REI/]: [REI] ----------------------------------------
[04gen2025 14:10:12.878] [REI-ReloadPlugins/INFO] [REI/]: [REI] REIClientPlugin starting main-reload for END.
[04gen2025 14:10:12.879] [REI-ReloadPlugins/INFO] [REI/]: [REI] Plugins (3):
[04gen2025 14:10:12.879] [REI-ReloadPlugins/INFO] [REI/]: [REI]  - (-100,00) DefaultClientPluginImpl of DefaultClientPluginImpl [roughlyenoughitems]
[04gen2025 14:10:12.879] [REI-ReloadPlugins/INFO] [REI/]: [REI]  - (0,00) HideIngredientsFromTagsPlugin of HideIngredientsFromTagsPlugin [roughlyenoughitems]
[04gen2025 14:10:12.879] [REI-ReloadPlugins/INFO] [REI/]: [REI]  - (0,00) DefaultClientRuntimePlugin of DefaultClientRuntimePlugin [roughlyenoughitems]
[04gen2025 14:10:12.879] [REI-ReloadPlugins/INFO] [REI/]: [REI] ----------------------------------------
[04gen2025 14:10:13.620] [REI-ReloadPlugins/INFO] [REI/]: [REI] REICommonPlugin finished post-reload for END in 606.8 μs, totaling 83.15 ms.
[04gen2025 14:10:13.629] [REI-ReloadPlugins/INFO] [REI/]: [REI] REIClientPlugin finished post-reload for END in 6.714 ms, totaling 748.8 ms.
[04gen2025 14:10:15.328] [Render thread/INFO] [REI/]: [REI] [REI Server Display Sync] Received server's request to append 1551 recipes.
[04gen2025 14:10:16.005] [Render thread/WARN] [REI/]: [REI] Detected runtime DisplayRegistry modification, this can be extremely dangerous!
